02-17 17:31:03.166  1566  1566 W Keyboard: Keyboard.getKeyboardViewHelper():597 null helper is returned: keyboardDef=kze{processedConditions={}, globalConditions={}, className=com.google.android.libraries.inputmethod.keyboard.impl.Keyboard, resourceIds=[#0x7f170045], initialStates=0, keyboardViewDefs=[], persistentStates=0, persistentStatesPrefKey=null, popupBubbleLayoutId=0, recentKeyLayoutId=0, recentKeyPopupLayoutId=0, recentKeyType=null, rememberRecentKey=NONE, sessionStates=0}, type=FLOATING_CANDIDATES, helpersCreated=[null, null, null, null], context.getResources().getConfiguration(): {1.0 310mcc260mnc [en_US] ldltr sw448dp w448dp h921dp 480dpi nrml long port finger qwerty/v/v dpad/v winConfig={ mBounds=Rect(0, 0 - 1344, 2992) mAppBounds=Rect(0, 0 - 1344, 2920) mMaxBounds=Rect(0, 0 - 1344, 2992) mDisplayRotation=ROTATION_0 mWindowingMode=fullscreen mActivityType=undefined mAlwaysOnTop=undefined mRotation=ROTATION_0} as.2 s.22 fontWeightAdjustment=0}
02-17 17:31:03.167  1566  2092 I Delight5Decoder: Delight5DecoderWrapper.setKeyboardLayout():521 setKeyboardLayout()
02-17 17:31:03.167  1566  1566 W Keyboard: Keyboard.getKeyboardViewHelper():597 null helper is returned: keyboardDef=kze{processedConditions={}, globalConditions={}, className=com.google.android.libraries.inputmethod.keyboard.impl.Keyboard, resourceIds=[#0x7f170045], initialStates=0, keyboardViewDefs=[], persistentStates=0, persistentStatesPrefKey=null, popupBubbleLayoutId=0, recentKeyLayoutId=0, recentKeyPopupLayoutId=0, recentKeyType=null, rememberRecentKey=NONE, sessionStates=0}, type=WIDGET, helpersCreated=[null, null, null, null], context.getResources().getConfiguration(): {1.0 310mcc260mnc [en_US] ldltr sw448dp w448dp h921dp 480dpi nrml long port finger qwerty/v/v dpad/v winConfig={ mBounds=Rect(0, 0 - 1344, 2992) mAppBounds=Rect(0, 0 - 1344, 2920) mMaxBounds=Rect(0, 0 - 1344, 2992) mDisplayRotation=ROTATION_0 mWindowingMode=fullscreen mActivityType=undefined mAlwaysOnTop=undefined mRotation=ROTATION_0} as.2 s.22 fontWeightAdjustment=0}
02-17 17:31:03.167  1566  1566 I KeyboardManager: KeyboardManager.requestKeyboard():248 Creating keyboard accessory_candidates_consumer, imeId=ime_english_united_states, cacheKey=theme_!gsf_!pgsans_!pgsf_!use_system_font_BORDER=true_FLAVOR_DPI=XXHDPI_KEYBOARD_WIDTH_CATEGORY=NORMAL_LIGHT_THEME=true_PHYSICAL_DIAGONAL=6.538226_SCREEN_SHORTEST_WIDTH=448_SCREEN_SHORTEST_WIDTH_NO_SCALE=448_bottom4dp_enable_google_fonts_icons=true_enable_popup_on_keypress=true_keyboard_redesign_google_sans=true_noshadow_overlay_builtin_dynamic_color_light_base.binarypb:gm3-light-fffaf8ff-ff475d92-6dac7c28fa7faa76f8370bbfdbc77981_silkpopup_unify_function_key_color=true
02-17 17:31:03.167  1566  1566 I GlobeKeyExtension: GlobeKeyExtension.getKeyboardInitialStates():131
02-17 17:31:03.167  1566  1566 W Keyboard: Keyboard.getKeyboardViewHelper():597 null helper is returned: keyboardDef=kze{processedConditions={}, globalConditions={global_theme_key=theme_!gsf_!pgsans_!pgsf_!use_system_font_BORDER=true_FLAVOR_DPI=XXHDPI_KEYBOARD_WIDTH_CATEGORY=NORMAL_LIGHT_THEME=true_PHYSICAL_DIAGONAL=6.538226_SCREEN_SHORTEST_WIDTH=448_SCREEN_SHORTEST_WIDTH_NO_SCALE=448_bottom4dp_enable_google_fonts_icons=true_enable_popup_on_keypress=true_keyboard_redesign_google_sans=true_noshadow_overlay_builtin_dynamic_color_light_base.binarypb:gm3-light-fffaf8ff-ff475d92-6dac7c28fa7faa76f8370bbfdbc77981_silkpopup_unify_function_key_color=true, global_locale=en_US, global_density_dpi=480, global_orientation=1}, className=.latin.keyboard.AccessoryKeyboard, resourceIds=[#0x7f170044], initialStates=0, keyboardViewDefs=[kzt{direction=null, id=#0x7f0b0166, isScalable=false, layoutId=#0x7f0e002d, type=FLOATING_CANDIDATES, touchable=true, defaultShow=false}], persistentStates=0, persistentStatesPrefKey=null, popupBubbleLayoutId=#0x7f0e05ce, recentKeyLayoutId=0, recentKeyPopupLayoutId=0, recentKeyType=null, rememberRecentKey=NONE, sessionStates=0}, type=HEADER, helpersCreated=[null, null, kkl@72d1677, null], context.getResources().getConfiguration(): {1.0 310mcc260mnc [en_US] ldltr sw448dp w448dp h921dp 480dpi nrml long port finger qwerty/v/v dpad/v winConfig={ mBounds=Rect(0, 0 - 1344, 2992) mAppBounds=Rect(0, 0 - 1344, 2920) mMaxBounds=Rect(0, 0 - 1344, 2992) mDisplayRotation=ROTATION_0 mWindowingMode=fullscreen mActivityType=undefined mAlwaysOnTop=undefined mRotation=ROTATION_0} as.2 s.22 fontWeightAdjustment=0}
02-17 17:31:03.167  1566  1566 W Keyboard: Keyboard.getKeyboardViewHelper():597 null helper is returned: keyboardDef=kze{processedConditions={}, globalConditions={global_theme_key=theme_!gsf_!pgsans_!pgsf_!use_system_font_BORDER=true_FLAVOR_DPI=XXHDPI_KEYBOARD_WIDTH_CATEGORY=NORMAL_LIGHT_THEME=true_PHYSICAL_DIAGONAL=6.538226_SCREEN_SHORTEST_WIDTH=448_SCREEN_SHORTEST_WIDTH_NO_SCALE=448_bottom4dp_enable_google_fonts_icons=true_enable_popup_on_keypress=true_keyboard_redesign_google_sans=true_noshadow_overlay_builtin_dynamic_color_light_base.binarypb:gm3-light-fffaf8ff-ff475d92-6dac7c28fa7faa76f8370bbfdbc77981_silkpopup_unify_function_key_color=true, global_locale=en_US, global_density_dpi=480, global_orientation=1}, className=.latin.keyboard.AccessoryKeyboard, resourceIds=[#0x7f170044], initialStates=0, keyboardViewDefs=[kzt{direction=null, id=#0x7f0b0166, isScalable=false, layoutId=#0x7f0e002d, type=FLOATING_CANDIDATES, touchable=true, defaultShow=false}], persistentStates=0, persistentStatesPrefKey=null, popupBubbleLayoutId=#0x7f0e05ce, recentKeyLayoutId=0, recentKeyPopupLayoutId=0, recentKeyType=null, rememberRecentKey=NONE, sessionStates=0}, type=BODY, helpersCreated=[null, null, kkl@72d1677, null], context.getResources().getConfiguration(): {1.0 310mcc260mnc [en_US] ldltr sw448dp w448dp h921dp 480dpi nrml long port finger qwerty/v/v dpad/v winConfig={ mBounds=Rect(0, 0 - 1344, 2992) mAppBounds=Rect(0, 0 - 1344, 2920) mMaxBounds=Rect(0, 0 - 1344, 2992) mDisplayRotation=ROTATION_0 mWindowingMode=fullscreen mActivityType=undefined mAlwaysOnTop=undefined mRotation=ROTATION_0} as.2 s.22 fontWeightAdjustment=0}
02-17 17:31:03.168  1566  1566 I ProactiveUndoTriggerExtension: ProactiveUndoTriggerExtension.eventConsumer$lambda$0():125 kyp{intention=null, keyCode=-10121, SET_KEY_CORRECTION_CALLBACK, data=jfb@a3b2fd9}
02-17 17:31:03.168  1566  1566 I ProactiveUndoTriggerExtension: ProactiveUndoTriggerExtension.eventConsumer$lambda$0():125 kyp{intention=null, keyCode=-20001, ENABLE_GESTURE_TYPING, data=null}
02-17 17:31:03.168  1566  1566 I AndroidIME: InputBundleManager.startInput():361 startInput() with kzp[keyboardType=accessory, payload=null]
02-17 17:31:03.168  1566  1566 I GlobeKeyExtension: GlobeKeyExtension.onDeactivate():104
02-17 17:31:03.168  1566  1566 I VoiceInputManagerWrapper: VoiceInputManagerWrapper.shutdown():122 shutdown()
02-17 17:31:03.168  1566  1566 W ExtensionWrapper: ExtensionWrapper.setAllowUpdateNavigationBarStyle():810 class iio is not activate
02-17 17:31:03.169  1566  1566 W ExtensionWrapper: ExtensionWrapper.setAllowUpdateNavigationBarStyle():810 class iio is not activate
02-17 17:31:03.169  1566  1566 I GlobeKeyExtension: GlobeKeyExtension.onActivate():70
02-17 17:31:03.171  1566  1566 I CrowdsourceExtension: CrowdsourceExtension.checkIfDefaultBrowserIsAllowed():109 Failed to get default browser. The default browser may be deactivated.
02-17 17:31:03.171  1566  1566 I VoiceInputManagerWrapper: VoiceInputManagerWrapper.cancelShutdown():100 cancelShutdown()
02-17 17:31:03.171  1566  1566 I VoiceInputManagerWrapper: VoiceInputManagerWrapper.syncLanguagePacks():112 syncLanguagePacks()
02-17 17:31:03.172  1566  1566 I VoiceInputManager: VoiceInputManager.onKeyboardActivated():1023 onKeyboardActivated() [UD]
02-17 17:31:03.172  1566  4697 I SpeechFactory: SpeechRecognitionFactory.maybeScheduleAutoPackDownloadForFallback():161 maybeScheduleAutoPackDownloadForFallback()
02-17 17:31:03.172  1566  4697 I FallbackOnDeviceRecognitionProvider: FallbackOnDeviceRecognitionProvider.maybeScheduleAutoPackDownload():198 maybeScheduleAutoPackDownload() for language tag en-US
02-17 17:31:03.172  1566  1566 I AccessoryInputModeManager: AccessoryInputModeManager.onModeStarted():322 Accessory input mode started: STYLUS
02-17 17:31:03.172  1566  1566 W ExtensionWrapper: ExtensionWrapper.setAllowUpdateNavigationBarStyle():810 class iio is not activate
02-17 17:31:03.172  1566  1566 I WidgetViewShowingController: WidgetViewShowingController.showWidgetKeyboardInternal():524 Show companion widget
02-17 17:31:03.173  1566  1566 W ExtensionWrapper: ExtensionWrapper.setAllowUpdateNavigationBarStyle():810 class iio is not activate
02-17 17:31:03.174  1566  1566 I WidgetViewShowingPositionHandler: WidgetViewShowingPositionHandler.updateAvailableArea():194 update available area Rect(24, 183 - 1320, 2914)
02-17 17:31:03.174  1566  1566 I ProactiveUndoTriggerExtension: ProactiveUndoTriggerExtension.eventConsumer$lambda$0():125 kyp{intention=null, keyCode=-10159, ACTIVATE_SUPPLEMENTARY_KEYBOARD, data=accessory_candidates_consumer}
02-17 17:31:03.174  1566  1566 I KeyboardModeUtils: KeyboardModeUtils.getKeyboardBottomOffset():437 inch: 0.000000 ydpi: 480.000000 adjustKeyboardBottomByDisplaySize: false currentDensityDpi: 480 defaultDensityDpi: 480 keyboardBottomToScreenPx: 0 keyboardBottomToNavBarPx: -72 navBarHeight: 72
02-17 17:31:03.174  1566  1566 I ResizableKeyboardModeController: ResizableKeyboardModeController.getKeyboardBottomOffset():182 currentPrimeKeyboardType:SOFT keyboardBottomOffset:0 navBarHeight:72 isInLandscape:false
02-17 17:31:03.174  1566  1566 I KeyboardHeightUtil: KeyboardHeightUtil.calculateMaxKeyboardBodyHeight():46 leave 321 height for app when ime window height:2761, header height:132 and isFullscreenMode:false, so the max keyboard body height is:2308
02-17 17:31:03.174  1566  1566 I KeyboardHeightUtil: KeyboardHeightUtil.calculateMaxKeyboardBodyHeight():46 leave 321 height for app when ime window height:2761, header height:132 and isFullscreenMode:false, so the max keyboard body height is:2308
02-17 17:31:03.174  1566  1566 I KeyboardHeightUtil: KeyboardHeightUtil.calculateMaxKeyboardBodyHeight():46 leave 321 height for app when ime window height:2761, header height:132 and isFullscreenMode:false, so the max keyboard body height is:2308
02-17 17:31:03.174  1566  1566 W ExtensionWrapper: ExtensionWrapper.setExtensionViewVisibility():801 interface koa is not activate
02-17 17:31:03.175  1566  1566 I Module  : DeviceLockedStatusModuleProvider$Module.updateDeviceLockedStatus():100 repeatCheckTimes = 1, locked = false
02-17 17:31:03.175  1566  1566 I VoiceImeExtension: VoiceImeExtension.shouldStartVoiceInputAutomaticallyInCurrentInputBox():469 No private IME option set to start voice input.
02-17 17:31:03.175  1566  1566 I StylusModule: StylusModule.onUpdateToolType():801 Update tool type = 2
02-17 17:31:03.176  1566  1566 I WindowMetricsNotification: WindowMetricsNotification.notifyWithWindow():166
02-17 17:31:03.176  1566  1566 I WindowMetricsNotification: WindowMetricsNotification.notify():159 mub[bounds=Rect(0, 159 - 1344, 2992), insets=Rect(0, 0 - 0, 72), densityDpi=480, smallestScreenWidthDp=448, displayWidth=1344, displayHeight=2992, xdpi=480.0, ydpi=480.0, isTrustable=true, displayId=0]; DisplayMetrics{density=3.0, width=1344, height=2992, scaledDensity=3.0, xdpi=480.0, ydpi=480.0}
02-17 17:31:03.176  1566  1566 I ProactiveUndoTriggerExtension: ProactiveUndoTriggerExtension.eventConsumer$lambda$0():125 kyp{intention=null, keyCode=-400000, SPELL_CHECK_SUGGESTIONS, data=null}
02-17 17:31:03.177  1566  1566 W TooltipLifecycleManager: TooltipLifecycleManager.dismissTooltips():154 Tooltip with id spell_check_add_to_dictionary not found in tooltipManager.
02-17 17:31:03.177  1566  1566 I GoogleInputMethodService: GoogleInputMethodService$1.onKeyboardViewShown():312 onKeyboardViewShown: keyboardType=accessory, keyboardViewType=HEADER keyboardView=null
02-17 17:31:03.177  1566  1566 I GoogleInputMethodService: GoogleInputMethodService$1.onKeyboardViewShown():312 onKeyboardViewShown: keyboardType=accessory, keyboardViewType=BODY keyboardView=null
02-17 17:31:03.177  1566  1566 I ProactiveUndoTriggerExtension: ProactiveUndoTriggerExtension.eventConsumer$lambda$0():125 kyp{intention=null, keyCode=-10188, SET_KEYBOARD_LAYOUT, data=# qsn@e6cdb659}
02-17 17:31:03.178  1566  1566 I KeyboardHeightUtil: KeyboardHeightUtil.calculateMaxKeyboardBodyHeight():46 leave 321 height for app when ime window height:2761, header height:132 and isFullscreenMode:false, so the max keyboard body height is:2308
02-17 17:31:03.178  1566  1566 I KeyboardHeightUtil: KeyboardHeightUtil.calculateMaxKeyboardBodyHeight():46 leave 321 height for app when ime window height:2761, header height:132 and isFullscreenMode:false, so the max keyboard body height is:2308
02-17 17:31:03.178  1566  1566 I KeyboardHeightUtil: KeyboardHeightUtil.calculateMaxKeyboardBodyHeight():46 leave 321 height for app when ime window height:2761, header height:132 and isFullscreenMode:false, so the max keyboard body height is:2308
02-17 17:31:03.219  9815  9815 I ImeTracker: com.zeroclaw.app.play:7373fa13: onShown
02-17 17:31:03.226   674  1019 I system_server: AssetManager2(0xb400006e43c07298) locale list changing from [] to [en-US]
02-17 17:31:03.227   674  1019 V GrammaticalInflectionUtils: AttributionSource: android.content.AttributionSource@96957c1d does not have READ_SYSTEM_GRAMMATICAL_GENDER permission.
02-17 17:31:03.229   506   630 I BpBinder: onLastStrongRef automatically unlinking death recipients:
02-17 17:31:03.230   919  1098 I ndroid.systemui: AssetManager2(0xb400006e43bb48b8) locale list changing from [] to [en-US]
02-17 17:31:03.231   506   506 I BpBinder: onLastStrongRef automatically unlinking death recipients:
02-17 17:31:03.232  9815  9815 D LifecycleMonitor: Lifecycle status change: com.zeroclaw.app.MainActivity@b6c414a in: PAUSED
02-17 17:31:03.232  9815  9815 V ActivityScenario: Update currentActivityStage to PAUSED, currentActivity=com.zeroclaw.app.MainActivity@b6c414a
02-17 17:31:03.239   674   698 V GrammaticalInflectionUtils: AttributionSource: android.content.AttributionSource@96957c1d does not have READ_SYSTEM_GRAMMATICAL_GENDER permission.
02-17 17:31:03.241   586   659 W IPCThreadState: Sending oneway calls to frozen process.
02-17 17:31:03.243   674   787 I system_server: AssetManager2(0xb400006e43b56998) locale list changing from [] to [en-US]
02-17 17:31:03.244   674   787 I system_server: AssetManager2(0xb400006e43b6a218) locale list changing from [] to [en-US]
02-17 17:31:03.245   449   449 D Zygote  : Forked child process 9852
02-17 17:31:03.260  9852  9852 I w.app.play.test: Late-enabling -Xcheck:jni
02-17 17:31:03.265   470   470 I RanchuHwc: logCompositionFallbackIfChanged: layer 192 CompositionType fallback from 3 to 1
02-17 17:31:03.271  9852  9852 I w.app.play.test: Using CollectorTypeCMC GC.
02-17 17:31:03.272   521   544 I adbd    : jdwp connection from 9852
02-17 17:31:03.275  9852  9852 D nativeloader: Load libframework-connectivity-tiramisu-jni.so using APEX ns com_android_tethering for caller /apex/com.android.tethering/javalib/framework-connectivity-t.jar: ok
02-17 17:31:03.286  9815  9815 I ImeTracker: com.zeroclaw.app.play:8c23e4b0: onCancelled at PHASE_CLIENT_ON_CONTROLS_CHANGED
02-17 17:31:03.299  9852  9852 D nativeloader: Configuring clns-9 for other apk /data/app/~~m-ND17V2URcRxi2Oj5K-JA==/com.zeroclaw.app.play.test-72rML4Hh4lUNJoBlbSbVDg==/base.apk. target_sdk_version=36, uses_libraries=, library_path=/data/app/~~m-ND17V2URcRxi2Oj5K-JA==/com.zeroclaw.app.play.test-72rML4Hh4lUNJoBlbSbVDg==/lib/arm64, permitted_path=/data:/mnt/expand:/data/user/0/com.zeroclaw.app.play.test
02-17 17:31:03.301  9852  9852 I w.app.play.test: AssetManager2(0xb400006e43b5ab38) locale list changing from [] to [en-US]
02-17 17:31:03.303  9852  9852 V GraphicsEnvironment: Currently set values for:
02-17 17:31:03.303  9852  9852 V GraphicsEnvironment:   angle_gl_driver_selection_pkgs=[]
02-17 17:31:03.303  9852  9852 V GraphicsEnvironment:   angle_gl_driver_selection_values=[]
02-17 17:31:03.303  9852  9852 V GraphicsEnvironment: com.zeroclaw.app.play.test is not listed in per-application setting
02-17 17:31:03.303  9852  9852 V GraphicsEnvironment: ANGLE allowlist from config: com.dreamgames.royalmatch com.dts.freefiremax com.dxx.firenow com.gramgames.mergedragons com.ludo.king com.mojang.minecraftpe com.my.defense com.nintendo.zaka com.os.airforce com.playrix.fishdomdd.gplay io.teslatech.callbreak jp.konami.prospia net.peakgames.toonblast
02-17 17:31:03.303  9852  9852 V GraphicsEnvironment: com.zeroclaw.app.play.test is not listed in ANGLE allowlist or settings, returning default
02-17 17:31:03.303  9852  9852 V GraphicsEnvironment: Neither updatable production driver nor prerelease driver is supported.
02-17 17:31:03.314  9852  9852 I w.app.play.test: AssetManager2(0xb400006e43b572f8) locale list changing from [] to [en-US]
02-17 17:31:03.321  9852  9852 E ashmem  : Pinning is deprecated since Android Q. Please use trim or other methods.
02-17 17:31:03.330  9852  9852 D CompatChangeReporter: Compat change id reported: 377864165; UID 10238; state: ENABLED
02-17 17:31:03.332  9852  9852 D DesktopModeFlags: Toggle override initialized to: OVERRIDE_UNSET
02-17 17:31:03.343  9852  9867 I EGL_emulation: Opening libGLESv1_CM_emulation.so
02-17 17:31:03.343  9852  9867 I EGL_emulation: Opening libGLESv2_emulation.so
02-17 17:31:03.346  9852  9867 W HWUI    : Failed to choose config with EGL_SWAP_BEHAVIOR_PRESERVED, retrying without...
02-17 17:31:03.346  9852  9867 W HWUI    : Failed to initialize 101010-2 format, error = EGL_SUCCESS
02-17 17:31:03.354  9852  9852 W HWUI    : Unknown dataspace 0
02-17 17:31:03.365  1566  1566 I ProactiveUndoTriggerExtension: ProactiveUndoTriggerExtension.eventConsumer$lambda$0():125 kyp{intention=null, keyCode=-400000, SPELL_CHECK_SUGGESTIONS, data=null}
02-17 17:31:03.365  1566  1566 W TooltipLifecycleManager: TooltipLifecycleManager.dismissTooltips():154 Tooltip with id spell_check_add_to_dictionary not found in tooltipManager.
02-17 17:31:03.367   506   551 I BpBinder: onLastStrongRef automatically unlinking death recipients:
02-17 17:31:03.371   506  1163 W ServiceManagerCppClient: Permission failure: android.permission.ACCESS_SURFACE_FLINGER from uid=10238 pid=0
02-17 17:31:03.371   506  1163 D PermissionCache: checking android.permission.ACCESS_SURFACE_FLINGER for uid=10238 => denied (134 us)
02-17 17:31:03.371   506  1163 W ServiceManagerCppClient: Permission failure: android.permission.ROTATE_SURFACE_FLINGER from uid=10238 pid=0
02-17 17:31:03.371   506  1163 D PermissionCache: checking android.permission.ROTATE_SURFACE_FLINGER for uid=10238 => denied (141 us)
02-17 17:31:03.371   506   630 W ServiceManagerCppClient: Permission failure: android.permission.ROTATE_SURFACE_FLINGER from uid=10238 pid=9852
02-17 17:31:03.371   506   630 D PermissionCache: checking android.permission.ROTATE_SURFACE_FLINGER for uid=10238 => denied (174 us)
02-17 17:31:03.371   506  1163 W ServiceManagerCppClient: Permission failure: android.permission.INTERNAL_SYSTEM_WINDOW from uid=10238 pid=0
02-17 17:31:03.371   506  1163 D PermissionCache: checking android.permission.INTERNAL_SYSTEM_WINDOW for uid=10238 => denied (258 us)
02-17 17:31:03.371   506   630 W ServiceManagerCppClient: Permission failure: android.permission.INTERNAL_SYSTEM_WINDOW from uid=10238 pid=9852
02-17 17:31:03.372   506   630 D PermissionCache: checking android.permission.INTERNAL_SYSTEM_WINDOW for uid=10238 => denied (346 us)
02-17 17:31:03.381   674  1019 W ServiceManagerCppClient: Permission failure: android.permission.ACCESS_SURFACE_FLINGER from uid=10238 pid=0
02-17 17:31:03.381   674  1019 D PermissionCache: checking android.permission.ACCESS_SURFACE_FLINGER for uid=10238 => denied (49 us)
02-17 17:31:03.381   674  1019 W ServiceManagerCppClient: Permission failure: android.permission.ROTATE_SURFACE_FLINGER from uid=10238 pid=0
02-17 17:31:03.381   674  1019 D PermissionCache: checking android.permission.ROTATE_SURFACE_FLINGER for uid=10238 => denied (35 us)
02-17 17:31:03.381   674  1019 W ServiceManagerCppClient: Permission failure: android.permission.INTERNAL_SYSTEM_WINDOW from uid=10238 pid=0
02-17 17:31:03.381   674  1019 D PermissionCache: checking android.permission.INTERNAL_SYSTEM_WINDOW for uid=10238 => denied (18 us)
02-17 17:31:03.385  8361  8361 D ViewRootImpl: Skipping stats log for color mode
02-17 17:31:03.386  8361  8361 W WindowOnBackDispatcher: OnBackInvokedCallback is not enabled for the application.
02-17 17:31:03.386  8361  8361 W WindowOnBackDispatcher: Set 'android:enableOnBackInvokedCallback="true"' in the application manifest.
02-17 17:31:03.386  8361  8361 W unknown:BridgelessReact: ReactHost{0}.onHostResume(activity)
02-17 17:31:03.391  8361  9874 W unknown:ReconnectingWebSocket: Couldn't connect to "ws://10.0.2.2:8081/message?device=sdk_gphone64_arm64%20-%2016%20-%20API%2036&app=ai.guappa.previewer&clientid=BridgelessDevSupportManager", will silently retry
02-17 17:31:03.413  9815  9815 D VRI[MainActivity]: visibilityChanged oldVisibility=true newVisibility=false
02-17 17:31:03.415   470   470 I RanchuHwc: logCompositionFallbackIfChanged: layer 195 CompositionType fallback from 2 to 1
02-17 17:31:03.417  9815  9832 D HWUI    : endAllActiveAnimators on 0xb400006ec3b85460 (UnprojectedRipple) with handle 0xb400006f63b8e280
02-17 17:31:03.420   674  1280 I ImeTracker: system_server:fbc39841: onRequestShow at ORIGIN_SERVER reason CONTROLS_CHANGED fromUser false
02-17 17:31:03.421  9815  9815 I ImeTracker: system_server:fbc39841: onCancelled at PHASE_CLIENT_ON_CONTROLS_CHANGED
02-17 17:31:03.425  9815  9815 I AutofillManager: onInvisibleForAutofill(): expiringResponse
02-17 17:31:03.425  9815  9815 D LifecycleMonitor: Lifecycle status change: com.zeroclaw.app.MainActivity@b6c414a in: STOPPED
02-17 17:31:03.425  9815  9815 V ActivityScenario: Update currentActivityStage to STOPPED, currentActivity=com.zeroclaw.app.MainActivity@b6c414a
02-17 17:31:03.432   470   470 I RanchuHwc: logCompositionFallbackIfChanged: layer 196 CompositionType fallback from 3 to 1
02-17 17:31:03.436  8361  8361 W unknown:BridgelessReact: ReactHost{0}.raiseSoftException(onWindowFocusChange(hasFocus = "true")): Tried to access onWindowFocusChange while context is not ready
02-17 17:31:03.437  8361  8361 E unknown:ReactHost: Unhandled SoftException
02-17 17:31:03.437  8361  8361 E unknown:ReactHost: com.facebook.react.bridge.ReactNoCrashSoftException: raiseSoftException(onWindowFocusChange(hasFocus = "true")): Tried to access onWindowFocusChange while context is not ready
02-17 17:31:03.437  8361  8361 E unknown:ReactHost: 	at com.facebook.react.runtime.ReactHostImpl.raiseSoftException(ReactHostImpl.kt:787)
02-17 17:31:03.437  8361  8361 E unknown:ReactHost: 	at com.facebook.react.runtime.ReactHostImpl.raiseSoftException$default(ReactHostImpl.kt:779)
02-17 17:31:03.437  8361  8361 E unknown:ReactHost: 	at com.facebook.react.runtime.ReactHostImpl.onWindowFocusChange(ReactHostImpl.kt:589)
02-17 17:31:03.437  8361  8361 E unknown:ReactHost: 	at com.facebook.react.ReactDelegate.onWindowFocusChanged(ReactDelegate.kt:217)
02-17 17:31:03.437  8361  8361 E unknown:ReactHost: 	at com.facebook.react.ReactActivityDelegate.onWindowFocusChanged(ReactActivityDelegate.java:236)
02-17 17:31:03.437  8361  8361 E unknown:ReactHost: 	at expo.modules.ReactActivityDelegateWrapper$onWindowFocusChanged$1.invokeSuspend(ReactActivityDelegateWrapper.kt:353)
02-17 17:31:03.437  8361  8361 E unknown:ReactHost: 	at expo.modules.ReactActivityDelegateWrapper$onWindowFocusChanged$1.invoke(Unknown Source:8)
02-17 17:31:03.437  8361  8361 E unknown:ReactHost: 	at expo.modules.ReactActivityDelegateWrapper$onWindowFocusChanged$1.invoke(Unknown Source:4)
02-17 17:31:03.437  8361  8361 E unknown:ReactHost: 	at expo.modules.ReactActivityDelegateWrapper$launchLifecycleScopeWithLock$1.invokeSuspend(ReactActivityDelegateWrapper.kt:485)
02-17 17:31:03.437  8361  8361 E unknown:ReactHost: 	at kotlin.coroutines.jvm.internal.BaseContinuationImpl.resumeWith(ContinuationImpl.kt:33)
02-17 17:31:03.437  8361  8361 E unknown:ReactHost: 	at kotlinx.coroutines.internal.DispatchedContinuationKt.resumeCancellableWith(DispatchedContinuation.kt:367)
02-17 17:31:03.437  8361  8361 E unknown:ReactHost: 	at kotlinx.coroutines.intrinsics.CancellableKt.startCoroutineCancellable(Cancellable.kt:30)
02-17 17:31:03.437  8361  8361 E unknown:ReactHost: 	at kotlinx.coroutines.intrinsics.CancellableKt.startCoroutineCancellable$default(Cancellable.kt:25)
02-17 17:31:03.437  8361  8361 E unknown:ReactHost: 	at kotlinx.coroutines.CoroutineStart.invoke(CoroutineStart.kt:110)
02-17 17:31:03.437  8361  8361 E unknown:ReactHost: 	at kotlinx.coroutines.AbstractCoroutine.start(AbstractCoroutine.kt:126)
02-17 17:31:03.437  8361  8361 E unknown:ReactHost: 	at kotlinx.coroutines.BuildersKt__Builders_commonKt.launch(Builders.common.kt:56)
02-17 17:31:03.437  8361  8361 E unknown:ReactHost: 	at kotlinx.coroutines.BuildersKt.launch(Unknown Source:1)
02-17 17:31:03.437  8361  8361 E unknown:ReactHost: 	at kotlinx.coroutines.BuildersKt__Builders_commonKt.launch$default(Builders.common.kt:47)
02-17 17:31:03.437  8361  8361 E unknown:ReactHost: 	at kotlinx.coroutines.BuildersKt.launch$default(Unknown Source:1)
02-17 17:31:03.437  8361  8361 E unknown:ReactHost: 	at expo.modules.ReactActivityDelegateWrapper.launchLifecycleScopeWithLock(ReactActivityDelegateWrapper.kt:483)
02-17 17:31:03.437  8361  8361 E unknown:ReactHost: 	at expo.modules.ReactActivityDelegateWrapper.launchLifecycleScopeWithLock$default(ReactActivityDelegateWrapper.kt:479)
02-17 17:31:03.437  8361  8361 E unknown:ReactHost: 	at expo.modules.ReactActivityDelegateWrapper.onWindowFocusChanged(ReactActivityDelegateWrapper.kt:351)
02-17 17:31:03.437  8361  8361 E unknown:ReactHost: 	at com.facebook.react.ReactActivity.onWindowFocusChanged(ReactActivity.java:158)
02-17 17:31:03.437  8361  8361 E unknown:ReactHost: 	at androidx.appcompat.view.WindowCallbackWrapper.onWindowFocusChanged(WindowCallbackWrapper.java:124)
02-17 17:31:03.437  8361  8361 E unknown:ReactHost: 	at com.android.internal.policy.DecorView.onWindowFocusChanged(DecorView.java:1818)
02-17 17:31:03.437  8361  8361 E unknown:ReactHost: 	at android.view.View.dispatchWindowFocusChanged(View.java:16952)
02-17 17:31:03.437  8361  8361 E unknown:ReactHost: 	at android.view.ViewGroup.dispatchWindowFocusChanged(ViewGroup.java:1530)
02-17 17:31:03.437  8361  8361 E unknown:ReactHost: 	at android.view.ViewRootImpl.dispatchFocusEvent(ViewRootImpl.java:4872)
02-17 17:31:03.437  8361  8361 E unknown:ReactHost: 	at android.view.ViewRootImpl.handleWindowFocusChanged(ViewRootImpl.java:4776)
02-17 17:31:03.437  8361  8361 E unknown:ReactHost: 	at android.view.ViewRootImpl.-$$Nest$mhandleWindowFocusChanged(Unknown Source:0)
02-17 17:31:03.437  8361  8361 E unknown:ReactHost: 	at android.view.ViewRootImpl$ViewRootHandler.handleMessageImpl(ViewRootImpl.java:7016)
02-17 17:31:03.437  8361  8361 E unknown:ReactHost: 	at android.view.ViewRootImpl$ViewRootHandler.handleMessage(ViewRootImpl.java:6926)
02-17 17:31:03.437  8361  8361 E unknown:ReactHost: 	at android.os.Handler.dispatchMessage(Handler.java:110)
02-17 17:31:03.437  8361  8361 E unknown:ReactHost: 	at android.os.Looper.loopOnce(Looper.java:248)
02-17 17:31:03.437  8361  8361 E unknown:ReactHost: 	at android.os.Looper.loop(Looper.java:338)
02-17 17:31:03.437  8361  8361 E unknown:ReactHost: 	at android.app.ActivityThread.main(ActivityThread.java:9067)
02-17 17:31:03.437  8361  8361 E unknown:ReactHost: 	at java.lang.reflect.Method.invoke(Native Method)
02-17 17:31:03.437  8361  8361 E unknown:ReactHost: 	at com.android.internal.os.RuntimeInit$MethodAndArgsCaller.run(RuntimeInit.java:593)
02-17 17:31:03.437  8361  8361 E unknown:ReactHost: 	at com.android.internal.os.ZygoteInit.main(ZygoteInit.java:932)
02-17 17:31:03.438   674   786 I ImeTracker: ai.guappa.previewer:2d32a11c: onRequestHide at ORIGIN_SERVER reason HIDE_UNSPECIFIED_WINDOW fromUser false
02-17 17:31:03.439  8361  8361 D InsetsController: hide(ime(), fromIme=false)
02-17 17:31:03.439  8361  8361 I ImeTracker: ai.guappa.previewer:2d32a11c: onCancelled at PHASE_CLIENT_ALREADY_HIDDEN
02-17 17:31:03.440  1566  1566 I GoogleInputMethodService: GoogleInputMethodService.onFinishInputView():1524
02-17 17:31:03.441  1566  1566 I GlobeKeyExtension: GlobeKeyExtension.onDeactivate():104
02-17 17:31:03.441  1566  1566 I VoiceInputManagerWrapper: VoiceInputManagerWrapper.shutdown():122 shutdown()
02-17 17:31:03.441  1566  1566 W ExtensionWrapper: ExtensionWrapper.setAllowUpdateNavigationBarStyle():810 class iio is not activate
02-17 17:31:03.442  1566  1566 W ExtensionWrapper: ExtensionWrapper.setAllowUpdateNavigationBarStyle():810 class iio is not activate
02-17 17:31:03.442  1566  1566 W TooltipLifecycleManager: TooltipLifecycleManager.dismissTooltips():154 Tooltip with id spell_check_add_to_dictionary not found in tooltipManager.
02-17 17:31:03.442  1566  1566 I InputBundle: InputBundle.consumeEvent():949 Skip consuming an event as keyboard status is 0
02-17 17:31:03.443  1566  1566 I AndroidIME: AbstractIme.onDeactivate():203 LatinIme.onDeactivate()
02-17 17:31:03.443  1566  2086 W ModuleManager: ModuleManager.loadModule():547 Module mly is not available
02-17 17:31:03.444  1566  2086 I NebulaeTrainingCacheMetricsProcessor: NebulaeTrainingCacheMetricsProcessor.processEndSession():510 No input action collection in this session, skip logging.
02-17 17:31:03.444  1566  1566 I GoogleInputMethodService: GoogleInputMethodService.onFinishInput():2043
02-17 17:31:03.445   674  1280 I ImeTracker: system_server:85623aae: onRequestHide at ORIGIN_SERVER reason IME_REQUESTED_CHANGED_LISTENER fromUser false
02-17 17:31:03.445  1566  1566 I Module  : DeviceLockedStatusModuleProvider$Module.updateDeviceLockedStatus():100 repeatCheckTimes = 0, locked = false
02-17 17:31:03.445  1566  1566 I GoogleInputMethodService: GoogleInputMethodService.onStartInput():1293 onStartInput(EditorInfo{EditorInfo{packageName=ai.guappa.previewer, inputType=0, inputTypeString=NULL, enableLearning=false, autoCorrection=false, autoComplete=false, imeOptions=0, privateImeOptions=null, actionName=UNSPECIFIED, actionLabel=null, initialSelStart=-1, initialSelEnd=-1, initialCapsMode=0, label=null, fieldId=0, fieldName=null, extras=null, hintText=null, hintLocales=[]}}, false)
02-17 17:31:03.445  1566  1566 I Module  : DeviceLockedStatusModuleProvider$Module.updateDeviceLockedStatus():100 repeatCheckTimes = 1, locked = false
02-17 17:31:03.446  1566  1566 I GoogleInputMethodService: GoogleInputMethodService.onStartInputView():1392 onStartInputView(EditorInfo{EditorInfo{packageName=ai.guappa.previewer, inputType=0, inputTypeString=NULL, enableLearning=false, autoCorrection=false, autoComplete=false, imeOptions=0, privateImeOptions=null, actionName=UNSPECIFIED, actionLabel=null, initialSelStart=-1, initialSelEnd=-1, initialCapsMode=0, label=null, fieldId=0, fieldName=null, extras=null, hintText=null, hintLocales=[]}}, false)
02-17 17:31:03.446  1566  1566 I KeyboardHeightUtil: KeyboardHeightUtil.getOemKeyboardHeightRatio():161 systemKeyboardHeightRatio:1.000000.
02-17 17:31:03.447  9815  9815 D LifecycleMonitor: Lifecycle status change: com.zeroclaw.app.MainActivity@b6c414a in: DESTROYED
02-17 17:31:03.447  9815  9815 V ActivityScenario: Update currentActivityStage to DESTROYED, currentActivity=null
02-17 17:31:03.447  9815  9815 W WindowOnBackDispatcher: sendCancelIfRunning: isInProgress=false callback=android.view.ImeBackAnimationController@f09cf84
02-17 17:31:03.454  9815  9815 D ViewRootImpl: Skipping stats log for color mode
02-17 17:31:03.458  9815  9829 D IdlingRegistry: Unregistering idling resources: [androidx.compose.ui.test.EspressoLink@b4972bc]
02-17 17:31:03.462  9815  9815 I ImeTracker: com.zeroclaw.app.play:96ac52a0: onRequestHide at ORIGIN_CLIENT reason HIDE_SOFT_INPUT fromUser false
02-17 17:31:03.462  9815  9815 I ImeTracker: com.zeroclaw.app.play:96ac52a0: onFailed at PHASE_CLIENT_VIEW_SERVED
02-17 17:31:03.462  9815  9815 D CompatChangeReporter: Compat change id reported: 395521150; UID 10237; state: ENABLED
02-17 17:31:03.465  1069  1069 D RecentsView: onTaskRemoved: 50, not handling task stack changes
02-17 17:31:03.466  1069  1069 D RecentsView: onTaskRemoved: 50, not handling task stack changes
02-17 17:31:03.467   674   699 I ImeTracker: system_server:a00ff622: onRequestShow at ORIGIN_SERVER reason CONTROLS_CHANGED fromUser false
02-17 17:31:03.474  9815  9829 I TestRunner: finished: chatCanAskAgentForHardwareTools(com.zeroclaw.app.ChatHardwareToolsTest)
