02-17 17:31:01.700  9815  9829 I TestRunner: started: chatCanAskAgentForHardwareTools(com.zeroclaw.app.ChatHardwareToolsTest)
02-17 17:31:01.734   674  1280 D WifiNl80211Manager: Scan result ready event
02-17 17:31:01.734   674  1280 D WifiNative: Scan result ready event
02-17 17:31:01.735  9815  9829 I Tracing : Tracer added: class androidx.test.platform.tracing.AndroidXTracer
02-17 17:31:01.735  1222  3487 I WifiScanner: onFullResults
02-17 17:31:01.735  1222  3487 I WifiScanner: onFullResults
02-17 17:31:01.736   674   816 I HalDevMgr: bestIfaceCreationProposal is null, requestIface=STA, existingIface=[name=wlan0 type=STA]
02-17 17:31:01.741  9815  9829 D IdlingRegistry: Registering idling resources: [androidx.compose.ui.test.EspressoLink@b4972bc]
02-17 17:31:01.748  9815  9829 W Settings: Setting always_finish_activities has moved from android.provider.Settings.System to android.provider.Settings.Global, returning read-only value.
02-17 17:31:01.749  9815  9829 E ashmem  : Pinning is deprecated since Android Q. Please use trim or other methods.
02-17 17:31:01.753   674  1280 I system_server: AssetManager2(0xb400006e43b798f8) locale list changing from [] to [en-US]
02-17 17:31:01.753   674  1280 V GrammaticalInflectionUtils: AttributionSource: android.content.AttributionSource@94e0a37e does not have READ_SYSTEM_GRAMMATICAL_GENDER permission.
02-17 17:31:01.755   506   630 I BpBinder: onLastStrongRef automatically unlinking death recipients:
02-17 17:31:01.756   919  1098 I ndroid.systemui: AssetManager2(0xb400006e43b94e78) locale list changing from [] to [en-US]
02-17 17:31:01.758  8361  8361 W unknown:BridgelessReact: ReactHost{0}.onUserLeaveHint(activity)
02-17 17:31:01.758  8361  8361 W unknown:BridgelessReact: ReactHost{0}.onHostPause(activity)
02-17 17:31:01.759   586   659 W IPCThreadState: Sending oneway calls to frozen process.
02-17 17:31:01.764  9815  9815 I roclaw.app.play: AssetManager2(0xb400006e43b5d0b8) locale list changing from [] to [en-US]
02-17 17:31:01.765   506   506 I BpBinder: onLastStrongRef automatically unlinking death recipients:
02-17 17:31:01.780  9815  9815 D LifecycleMonitor: Lifecycle status change: com.zeroclaw.app.MainActivity@b6c414a in: PRE_ON_CREATE
02-17 17:31:01.780  9815  9815 V ActivityScenario: Activity lifecycle changed event received but ignored because the reported transition was not ON_CREATE while the last known transition was PRE_ON_CREATE
02-17 17:31:01.783  8361  8361 W unknown:BridgelessReact: ReactHost{0}.raiseSoftException(onWindowFocusChange(hasFocus = "false")): Tried to access onWindowFocusChange while context is not ready
02-17 17:31:01.784  8361  8361 E unknown:ReactHost: Unhandled SoftException
02-17 17:31:01.784  8361  8361 E unknown:ReactHost: com.facebook.react.bridge.ReactNoCrashSoftException: raiseSoftException(onWindowFocusChange(hasFocus = "false")): Tried to access onWindowFocusChange while context is not ready
02-17 17:31:01.784  8361  8361 E unknown:ReactHost: 	at com.facebook.react.runtime.ReactHostImpl.raiseSoftException(ReactHostImpl.kt:787)
02-17 17:31:01.784  8361  8361 E unknown:ReactHost: 	at com.facebook.react.runtime.ReactHostImpl.raiseSoftException$default(ReactHostImpl.kt:779)
02-17 17:31:01.784  8361  8361 E unknown:ReactHost: 	at com.facebook.react.runtime.ReactHostImpl.onWindowFocusChange(ReactHostImpl.kt:589)
02-17 17:31:01.784  8361  8361 E unknown:ReactHost: 	at com.facebook.react.ReactDelegate.onWindowFocusChanged(ReactDelegate.kt:217)
02-17 17:31:01.784  8361  8361 E unknown:ReactHost: 	at com.facebook.react.ReactActivityDelegate.onWindowFocusChanged(ReactActivityDelegate.java:236)
02-17 17:31:01.784  8361  8361 E unknown:ReactHost: 	at expo.modules.ReactActivityDelegateWrapper$onWindowFocusChanged$1.invokeSuspend(ReactActivityDelegateWrapper.kt:353)
02-17 17:31:01.784  8361  8361 E unknown:ReactHost: 	at expo.modules.ReactActivityDelegateWrapper$onWindowFocusChanged$1.invoke(Unknown Source:8)
02-17 17:31:01.784  8361  8361 E unknown:ReactHost: 	at expo.modules.ReactActivityDelegateWrapper$onWindowFocusChanged$1.invoke(Unknown Source:4)
02-17 17:31:01.784  8361  8361 E unknown:ReactHost: 	at expo.modules.ReactActivityDelegateWrapper$launchLifecycleScopeWithLock$1.invokeSuspend(ReactActivityDelegateWrapper.kt:485)
02-17 17:31:01.784  8361  8361 E unknown:ReactHost: 	at kotlin.coroutines.jvm.internal.BaseContinuationImpl.resumeWith(ContinuationImpl.kt:33)
02-17 17:31:01.784  8361  8361 E unknown:ReactHost: 	at kotlinx.coroutines.internal.DispatchedContinuationKt.resumeCancellableWith(DispatchedContinuation.kt:367)
02-17 17:31:01.784  8361  8361 E unknown:ReactHost: 	at kotlinx.coroutines.intrinsics.CancellableKt.startCoroutineCancellable(Cancellable.kt:30)
02-17 17:31:01.784  8361  8361 E unknown:ReactHost: 	at kotlinx.coroutines.intrinsics.CancellableKt.startCoroutineCancellable$default(Cancellable.kt:25)
02-17 17:31:01.784  8361  8361 E unknown:ReactHost: 	at kotlinx.coroutines.CoroutineStart.invoke(CoroutineStart.kt:110)
02-17 17:31:01.784  8361  8361 E unknown:ReactHost: 	at kotlinx.coroutines.AbstractCoroutine.start(AbstractCoroutine.kt:126)
02-17 17:31:01.784  8361  8361 E unknown:ReactHost: 	at kotlinx.coroutines.BuildersKt__Builders_commonKt.launch(Builders.common.kt:56)
02-17 17:31:01.784  8361  8361 E unknown:ReactHost: 	at kotlinx.coroutines.BuildersKt.launch(Unknown Source:1)
02-17 17:31:01.784  8361  8361 E unknown:ReactHost: 	at kotlinx.coroutines.BuildersKt__Builders_commonKt.launch$default(Builders.common.kt:47)
02-17 17:31:01.784  8361  8361 E unknown:ReactHost: 	at kotlinx.coroutines.BuildersKt.launch$default(Unknown Source:1)
02-17 17:31:01.784  8361  8361 E unknown:ReactHost: 	at expo.modules.ReactActivityDelegateWrapper.launchLifecycleScopeWithLock(ReactActivityDelegateWrapper.kt:483)
02-17 17:31:01.784  8361  8361 E unknown:ReactHost: 	at expo.modules.ReactActivityDelegateWrapper.launchLifecycleScopeWithLock$default(ReactActivityDelegateWrapper.kt:479)
02-17 17:31:01.784  8361  8361 E unknown:ReactHost: 	at expo.modules.ReactActivityDelegateWrapper.onWindowFocusChanged(ReactActivityDelegateWrapper.kt:351)
02-17 17:31:01.784  8361  8361 E unknown:ReactHost: 	at com.facebook.react.ReactActivity.onWindowFocusChanged(ReactActivity.java:158)
02-17 17:31:01.784  8361  8361 E unknown:ReactHost: 	at androidx.appcompat.view.WindowCallbackWrapper.onWindowFocusChanged(WindowCallbackWrapper.java:124)
02-17 17:31:01.784  8361  8361 E unknown:ReactHost: 	at com.android.internal.policy.DecorView.onWindowFocusChanged(DecorView.java:1818)
02-17 17:31:01.784  8361  8361 E unknown:ReactHost: 	at android.view.View.dispatchWindowFocusChanged(View.java:16952)
02-17 17:31:01.784  8361  8361 E unknown:ReactHost: 	at android.view.ViewGroup.dispatchWindowFocusChanged(ViewGroup.java:1530)
02-17 17:31:01.784  8361  8361 E unknown:ReactHost: 	at android.view.ViewRootImpl.dispatchFocusEvent(ViewRootImpl.java:4872)
02-17 17:31:01.784  8361  8361 E unknown:ReactHost: 	at android.view.ViewRootImpl.handleWindowFocusChanged(ViewRootImpl.java:4776)
02-17 17:31:01.784  8361  8361 E unknown:ReactHost: 	at android.view.ViewRootImpl.-$$Nest$mhandleWindowFocusChanged(Unknown Source:0)
02-17 17:31:01.784  8361  8361 E unknown:ReactHost: 	at android.view.ViewRootImpl$ViewRootHandler.handleMessageImpl(ViewRootImpl.java:7016)
02-17 17:31:01.784  8361  8361 E unknown:ReactHost: 	at android.view.ViewRootImpl$ViewRootHandler.handleMessage(ViewRootImpl.java:6926)
02-17 17:31:01.784  8361  8361 E unknown:ReactHost: 	at android.os.Handler.dispatchMessage(Handler.java:110)
02-17 17:31:01.784  8361  8361 E unknown:ReactHost: 	at android.os.Looper.loopOnce(Looper.java:248)
02-17 17:31:01.784  8361  8361 E unknown:ReactHost: 	at android.os.Looper.loop(Looper.java:338)
02-17 17:31:01.784  8361  8361 E unknown:ReactHost: 	at android.app.ActivityThread.main(ActivityThread.java:9067)
02-17 17:31:01.784  8361  8361 E unknown:ReactHost: 	at java.lang.reflect.Method.invoke(Native Method)
02-17 17:31:01.784  8361  8361 E unknown:ReactHost: 	at com.android.internal.os.RuntimeInit$MethodAndArgsCaller.run(RuntimeInit.java:593)
02-17 17:31:01.784  8361  8361 E unknown:ReactHost: 	at com.android.internal.os.ZygoteInit.main(ZygoteInit.java:932)
02-17 17:31:01.784   919   991 I ndroid.systemui: AssetManager2(0xb400006e43b9b278) locale list changing from [] to [en-US]
02-17 17:31:01.789   919   991 I ndroid.systemui: AssetManager2(0xb400006e43b93578) locale list changing from [] to [en-US]
02-17 17:31:01.798   470   470 I RanchuHwc: logCompositionFallbackIfChanged: layer 187 CompositionType fallback from 3 to 1
02-17 17:31:01.799  9815  9832 I EGL_emulation: Opening libGLESv1_CM_emulation.so
02-17 17:31:01.799  9815  9832 I EGL_emulation: Opening libGLESv2_emulation.so
02-17 17:31:01.803  9815  9832 W HWUI    : Failed to choose config with EGL_SWAP_BEHAVIOR_PRESERVED, retrying without...
02-17 17:31:01.803  9815  9832 W HWUI    : Failed to initialize 101010-2 format, error = EGL_SUCCESS
02-17 17:31:01.863  9815  9815 D CompatChangeReporter: Compat change id reported: 377864165; UID 10237; state: ENABLED
02-17 17:31:01.864  9815  9815 D DesktopModeFlags: Toggle override initialized to: OVERRIDE_UNSET
02-17 17:31:01.872  9815  9815 D LifecycleMonitor: Lifecycle status change: com.zeroclaw.app.MainActivity@b6c414a in: CREATED
02-17 17:31:01.872  9815  9815 V ActivityScenario: Update currentActivityStage to CREATED, currentActivity=com.zeroclaw.app.MainActivity@b6c414a
02-17 17:31:01.874  9815  9815 D LifecycleMonitor: Lifecycle status change: com.zeroclaw.app.MainActivity@b6c414a in: STARTED
02-17 17:31:01.874  9815  9815 V ActivityScenario: Update currentActivityStage to STARTED, currentActivity=com.zeroclaw.app.MainActivity@b6c414a
02-17 17:31:01.877  9815  9815 D LifecycleMonitor: Lifecycle status change: com.zeroclaw.app.MainActivity@b6c414a in: RESUMED
02-17 17:31:01.877  9815  9815 V ActivityScenario: Update currentActivityStage to RESUMED, currentActivity=com.zeroclaw.app.MainActivity@b6c414a
02-17 17:31:01.882  9815  9815 W HWUI    : Unknown dataspace 0
02-17 17:31:01.927   521   521 W adbd    : type=1400 audit(0.0:510): avc:  denied  { getattr } for  path="/sys/fs/cgroup/apps/uid_10237/pid_9815/cgroup.freeze" dev="cgroup2" ino=10739 scontext=u:r:adbd:s0 tcontext=u:object_r:cgroup_v2:s0 tclass=file permissive=0
02-17 17:31:01.976  9815  9815 I roclaw.app.play: hiddenapi: Accessing hidden method Landroid/os/SystemProperties;->addChangeCallback(Ljava/lang/Runnable;)V (runtime_flags=0, domain=platform, api=unsupported) from Landroidx/compose/ui/platform/AndroidComposeView$Companion; (domain=app) using reflection: allowed
02-17 17:31:01.997  9815  9819 I roclaw.app.play: Compiler allocated 5111KB to compile void android.view.ViewRootImpl.performTraversals()
02-17 17:31:02.235   674   695 I ActivityTaskManager: Displayed com.zeroclaw.app.play/com.zeroclaw.app.MainActivity for user 0: +483ms
02-17 17:31:02.271   674   786 I ImeTracker: com.zeroclaw.app.play:ba09faa8: onRequestHide at ORIGIN_SERVER reason HIDE_UNSPECIFIED_WINDOW fromUser false
02-17 17:31:02.273  1566  1566 I GoogleInputMethodService: GoogleInputMethodService.onFinishInput():2043
02-17 17:31:02.273  1566  1566 I Module  : DeviceLockedStatusModuleProvider$Module.updateDeviceLockedStatus():100 repeatCheckTimes = 0, locked = false
02-17 17:31:02.273   674   754 I ImeTracker: system_server:55e931d3: onRequestHide at ORIGIN_SERVER reason IME_REQUESTED_CHANGED_LISTENER fromUser false
02-17 17:31:02.273   674   698 I ImeTracker: system_server:55e931d3: onCancelled at PHASE_SERVER_SHOULD_HIDE
02-17 17:31:02.274  1566  1566 I GoogleInputMethodService: GoogleInputMethodService.onStartInput():1293 onStartInput(EditorInfo{EditorInfo{packageName=com.zeroclaw.app.play, inputType=0, inputTypeString=NULL, enableLearning=false, autoCorrection=false, autoComplete=false, imeOptions=0, privateImeOptions=null, actionName=UNSPECIFIED, actionLabel=null, initialSelStart=-1, initialSelEnd=-1, initialCapsMode=0, label=null, fieldId=0, fieldName=null, extras=null, hintText=null, hintLocales=[]}}, false)
02-17 17:31:02.274  9815  9815 D InsetsController: hide(ime(), fromIme=false)
02-17 17:31:02.274  9815  9815 I ImeTracker: com.zeroclaw.app.play:ba09faa8: onCancelled at PHASE_CLIENT_ALREADY_HIDDEN
02-17 17:31:02.274  1566  1566 I Module  : DeviceLockedStatusModuleProvider$Module.updateDeviceLockedStatus():100 repeatCheckTimes = 1, locked = false
02-17 17:31:02.300  8361  8361 D VRI[MainActivity]: visibilityChanged oldVisibility=true newVisibility=false
02-17 17:31:02.383  1222  3487 I FontLog : (REDACTED) Received query %s, URI %s
02-17 17:31:02.383  1222  3487 I FontLog : (REDACTED) Query [%s] resolved to %s
02-17 17:31:02.384  1222  3487 I FontLog : (REDACTED) Fetch %s end status %s
02-17 17:31:02.386  1222  3487 I FontLog : (REDACTED) Pulling font file for id = %d, cache size = %d
02-17 17:31:02.388  1222  3487 I FontLog : (REDACTED) Pulling font file for id = %d, cache size = %d
02-17 17:31:02.516   586   659 W IPCThreadState: Sending oneway calls to frozen process.
02-17 17:31:02.853  9815  9815 D InsetsController: show(ime(), fromIme=false)
02-17 17:31:02.853  1566  1566 I GoogleInputMethodService: GoogleInputMethodService.onFinishInput():2043
02-17 17:31:02.853  1566  1566 I Module  : DeviceLockedStatusModuleProvider$Module.updateDeviceLockedStatus():100 repeatCheckTimes = 0, locked = false
02-17 17:31:02.854  9815  9815 I ImeTracker: com.zeroclaw.app.play:7373fa13: onRequestShow at ORIGIN_CLIENT reason SHOW_SOFT_INPUT_BY_INSETS_API fromUser false
02-17 17:31:02.854  1566  1566 I DeviceIntelligenceExtension: DeviceIntelligenceExtension.getInlineSuggestionsRequest():281 Inline suggestions disabled in stylus mode or vertical PK/Voice toolbar
02-17 17:31:02.855  1566  1566 I GoogleInputMethodService: GoogleInputMethodService.onStartInput():1293 onStartInput(EditorInfo{EditorInfo{packageName=com.zeroclaw.app.play, inputType=28001, inputTypeString=Normal[MultiLine|AutoCorrect], enableLearning=true, autoCorrection=true, autoComplete=true, imeOptions=42000000, privateImeOptions=null, actionName=UNSPECIFIED, actionLabel=null, initialSelStart=0, initialSelEnd=0, initialCapsMode=0, label=null, fieldId=-1, fieldName=null, extras=Bundle[mParcelledData.dataSize=404], hintText=null, hintLocales=[]}}, false)
02-17 17:31:02.860  9815  9815 I AssistStructure: Flattened final assist data: 520 bytes, containing 1 windows, 3 views
02-17 17:31:02.871  1080  1080 V InlineSuggestionRenderService: handleDestroySuggestionViews called for 0:904809881
02-17 17:31:02.934  9815  9815 W RemoteInputConnectionImpl: requestCursorUpdates on inactive InputConnection
02-17 17:31:02.935  9815  9815 I ImeTracker: com.zeroclaw.app.play:ae51e6e2: onRequestShow at ORIGIN_CLIENT reason SHOW_SOFT_INPUT fromUser false
02-17 17:31:02.935  1566  1566 I Module  : DeviceLockedStatusModuleProvider$Module.updateDeviceLockedStatus():100 repeatCheckTimes = 1, locked = false
02-17 17:31:02.935  9815  9815 D InsetsController: show(ime(), fromIme=false)
02-17 17:31:02.935  9815  9815 I ImeTracker: com.zeroclaw.app.play:ae51e6e2: onCancelled at PHASE_CLIENT_REPORT_REQUESTED_VISIBLE_TYPES
02-17 17:31:02.936  1566  1566 I GoogleInputMethodService: GoogleInputMethodService.onStartInput():1293 onStartInput(EditorInfo{EditorInfo{packageName=com.zeroclaw.app.play, inputType=28001, inputTypeString=Normal[MultiLine|AutoCorrect], enableLearning=true, autoCorrection=true, autoComplete=true, imeOptions=42000000, privateImeOptions=null, actionName=UNSPECIFIED, actionLabel=null, initialSelStart=0, initialSelEnd=0, initialCapsMode=0, label=null, fieldId=-1, fieldName=null, extras=Bundle[mParcelledData.dataSize=404], hintText=null, hintLocales=[]}}, true)
02-17 17:31:02.936  1566  1566 W SessionManager: SessionManager.beginSession():53 Try to begin an already begun session [INPUT_SESSION], end it first
02-17 17:31:02.936  9815  9815 D Autofill Status: Autofill popup isn't shown because autofill is not available.
02-17 17:31:02.936  9815  9815 D Autofill Status:
02-17 17:31:02.936  9815  9815 D Autofill Status: Did you set up autofill?
02-17 17:31:02.936  9815  9815 D Autofill Status: 1. Go to Settings > System > Languages&input > Advanced > Autofill Service
02-17 17:31:02.936  9815  9815 D Autofill Status: 2. Pick a service
02-17 17:31:02.936  9815  9815 D Autofill Status:
02-17 17:31:02.936  9815  9815 D Autofill Status: Did you add an account?
02-17 17:31:02.936  9815  9815 D Autofill Status: 1. Go to Settings > System > Languages&input > Advanced
02-17 17:31:02.936  9815  9815 D Autofill Status: 2. Click on the settings icon next to the Autofill Service
02-17 17:31:02.936  9815  9815 D Autofill Status: 3. Add your account
02-17 17:31:02.939  1566  1566 I Module  : DeviceLockedStatusModuleProvider$Module.updateDeviceLockedStatus():100 repeatCheckTimes = 1, locked = false
02-17 17:31:02.939  1566  1566 I StylusModule: StylusModule.onUpdateToolType():801 Update tool type = 2
02-17 17:31:02.940  1566  1566 I GoogleInputMethodService: GoogleInputMethodService.onStartInputView():1392 onStartInputView(EditorInfo{EditorInfo{packageName=com.zeroclaw.app.play, inputType=28001, inputTypeString=Normal[MultiLine|AutoCorrect], enableLearning=true, autoCorrection=true, autoComplete=true, imeOptions=42000000, privateImeOptions=null, actionName=UNSPECIFIED, actionLabel=null, initialSelStart=0, initialSelEnd=0, initialCapsMode=0, label=null, fieldId=-1, fieldName=null, extras=Bundle[{android.support.text.emoji.emojiCompat_metadataVersion=10, androidx.core.view.inputmethod.EditorInfoCompat.STYLUS_HANDWRITING_ENABLED=true, android.support.text.emoji.emojiCompat_replaceAll=false}], hintText=null, hintLocales=[]}}, false)
02-17 17:31:02.941  1566  1566 I KeyboardHeightUtil: KeyboardHeightUtil.getOemKeyboardHeightRatio():161 systemKeyboardHeightRatio:1.000000.
02-17 17:31:02.943  1566  1566 I AndroidIME: InputBundleManager.loadActiveInputBundleId():483 loadActiveInputBundleId: en-US, ime_english_united_states
02-17 17:31:02.943  1566  1566 I AndroidIME: AbstractIme.onActivate():90 LatinIme.onActivate() : EditorInfo = EditorInfo{packageName=com.zeroclaw.app.play, inputType=28001, inputTypeString=Normal[MultiLine|AutoCorrect], enableLearning=true, autoCorrection=true, autoComplete=true, imeOptions=42000000, privateImeOptions=null, actionName=UNSPECIFIED, actionLabel=null, initialSelStart=0, initialSelEnd=0, initialCapsMode=0, label=null, fieldId=-1, fieldName=null, extras=Bundle[{android.support.text.emoji.emojiCompat_metadataVersion=10, androidx.core.view.inputmethod.EditorInfoCompat.STYLUS_HANDWRITING_ENABLED=true, android.support.text.emoji.emojiCompat_replaceAll=false}], hintText=null, hintLocales=[]}, IncognitoMode = false, DeviceLocked = false
02-17 17:31:02.943  1566  1566 I InputBundle: InputBundle.consumeEvent():949 Skip consuming an event as keyboard status is 0
02-17 17:31:02.943  1566  1566 I Delight5Facilitator: Delight5Facilitator.initializeForIme():729 initializeForIme() : Locale = [en_US], layout = qwerty
02-17 17:31:02.944  1566  1566 I LatinIme: LatinIme.updateEnableInlineSuggestionsOnDecoderSideFlags():1256 inline flag updated to:false
02-17 17:31:02.944  1566  1566 I LatinIme: LatinIme.updateEnableInlineSuggestionsOnDecoderSideFlags():1256 inline flag updated to:false
02-17 17:31:02.946  1566  1566 I InputBundle: InputBundle.consumeEvent():949 Skip consuming an event as keyboard status is 0
02-17 17:31:02.946  1566  1566 I InputBundle: InputBundle.consumeEvent():949 Skip consuming an event as keyboard status is 0
02-17 17:31:02.946  1566  1566 I KeyboardWrapper: KeyboardWrapper.activateKeyboard():562 activateKeyboard(): type=accessory, status=0, imeDef=kyj{stringId=ime_english_united_states, language=en-US, languageTag=en-US, processedConditions={enable_number_row=false, device=phone}, className=com.google.android.libraries.inputmethod.ime.experiment.ExperimentImeWrapper, label=0, keyEventInterpreter=null, inlineComposing=true, autoCapital=true, announceAutoSelectedCandidate=true, statusIcon=0, primeKeyboardType=SOFT, indicatorIcon=0, indicatorLabel=US, displayAppCompletions=true, extraValues=kyb{#0x7f0b021c=TypedValue{t=0x3/d=0x0 "writing_helper_enable_by_word_revert=false"}, #0x7f0b0222=TypedValue{t=0x3/d=0x0 "com.google.android.apps.inputmethod.libs.latin5.LatinIme"}, #0x7f0b0223=TypedValue{t=0x3/d=0x0 "com.google.android.apps.inputmethod.libs.edittracker.EditTrackingImeWrapper"}, #0x7f0b0224=TypedValue{t=0x3/d=0x0 "com.google.android.apps.inputmethod.libs.latin5.LatinIme"}}, processors=lac@445519e, unacceptableMetaKeys=4098, languageSpecificSettings=0, asciiCapable=true, alwaysShowSuggestions=false, useAsciiPasswordKeyboard=false, secondaryIme=null, keyboardGroupDef=kzl@b78a286, phenotypeFlagId=0, localizationLanguageTag=null, supportsInlineSuggestion=true}
02-17 17:31:02.947  1566  1566 I KeyboardManager: KeyboardManager.requestKeyboard():248 Creating keyboard accessory, imeId=ime_english_united_states, cacheKey=theme_!gsf_!pgsans_!pgsf_!use_system_font_BORDER=true_FLAVOR_DPI=XXHDPI_KEYBOARD_WIDTH_CATEGORY=NORMAL_LIGHT_THEME=true_PHYSICAL_DIAGONAL=6.538226_SCREEN_SHORTEST_WIDTH=448_SCREEN_SHORTEST_WIDTH_NO_SCALE=448_bottom4dp_enable_google_fonts_icons=true_enable_popup_on_keypress=true_keyboard_redesign_google_sans=true_noshadow_overlay_builtin_dynamic_color_light_base.binarypb:gm3-light-fffaf8ff-ff475d92-6dac7c28fa7faa76f8370bbfdbc77981_silkpopup_unify_function_key_color=true
02-17 17:31:02.947  1566  1566 I KeyboardWrapper: KeyboardWrapper.onKeyboardReady():212 onKeyboardReady(): type=accessory(accessory), kb=com.google.android.libraries.inputmethod.keyboard.impl.Keyboard@70c9d08
02-17 17:31:02.947  1566  1566 I KeyboardWrapper: KeyboardWrapper.doActivateKeyboard():589 doActivateKeyboard(): accessory
02-17 17:31:02.947  1566  1566 W Keyboard: Keyboard.getKeyboardViewHelper():597 null helper is returned: keyboardDef=kze{processedConditions={}, globalConditions={}, className=com.google.android.libraries.inputmethod.keyboard.impl.Keyboard, resourceIds=[#0x7f170045], initialStates=0, keyboardViewDefs=[], persistentStates=0, persistentStatesPrefKey=null, popupBubbleLayoutId=0, recentKeyLayoutId=0, recentKeyPopupLayoutId=0, recentKeyType=null, rememberRecentKey=NONE, sessionStates=0}, type=HEADER, helpersCreated=[null, null, null, null], context.getResources().getConfiguration(): {1.0 310mcc260mnc [en_US] ldltr sw448dp w448dp h921dp 480dpi nrml long port finger qwerty/v/v dpad/v winConfig={ mBounds=Rect(0, 0 - 1344, 2992) mAppBounds=Rect(0, 0 - 1344, 2920) mMaxBounds=Rect(0, 0 - 1344, 2992) mDisplayRotation=ROTATION_0 mWindowingMode=fullscreen mActivityType=undefined mAlwaysOnTop=undefined mRotation=ROTATION_0} as.2 s.22 fontWeightAdjustment=0}
02-17 17:31:02.947  1566  1566 W Keyboard: Keyboard.getKeyboardViewHelper():597 null helper is returned: keyboardDef=kze{processedConditions={}, globalConditions={}, className=com.google.android.libraries.inputmethod.keyboard.impl.Keyboard, resourceIds=[#0x7f170045], initialStates=0, keyboardViewDefs=[], persistentStates=0, persistentStatesPrefKey=null, popupBubbleLayoutId=0, recentKeyLayoutId=0, recentKeyPopupLayoutId=0, recentKeyType=null, rememberRecentKey=NONE, sessionStates=0}, type=BODY, helpersCreated=[null, null, null, null], context.getResources().getConfiguration(): {1.0 310mcc260mnc [en_US] ldltr sw448dp w448dp h921dp 480dpi nrml long port finger qwerty/v/v dpad/v winConfig={ mBounds=Rect(0, 0 - 1344, 2992) mAppBounds=Rect(0, 0 - 1344, 2920) mMaxBounds=Rect(0, 0 - 1344, 2992) mDisplayRotation=ROTATION_0 mWindowingMode=fullscreen mActivityType=undefined mAlwaysOnTop=undefined mRotation=ROTATION_0} as.2 s.22 fontWeightAdjustment=0}
02-17 17:31:02.947  1566  1566 I GlobeKeyExtension: GlobeKeyExtension.getKeyboardInitialStates():131
02-17 17:31:02.947  1566  1566 W Keyboard: Keyboard.getKeyboardViewHelper():597 null helper is returned: keyboardDef=kze{processedConditions={}, globalConditions={}, className=com.google.android.libraries.inputmethod.keyboard.impl.Keyboard, resourceIds=[#0x7f170045], initialStates=0, keyboardViewDefs=[], persistentStates=0, persistentStatesPrefKey=null, popupBubbleLayoutId=0, recentKeyLayoutId=0, recentKeyPopupLayoutId=0, recentKeyType=null, rememberRecentKey=NONE, sessionStates=0}, type=HEADER, helpersCreated=[null, null, null, null], context.getResources().getConfiguration(): {1.0 310mcc260mnc [en_US] ldltr sw448dp w448dp h921dp 480dpi nrml long port finger qwerty/v/v dpad/v winConfig={ mBounds=Rect(0, 0 - 1344, 2992) mAppBounds=Rect(0, 0 - 1344, 2920) mMaxBounds=Rect(0, 0 - 1344, 2992) mDisplayRotation=ROTATION_0 mWindowingMode=fullscreen mActivityType=undefined mAlwaysOnTop=undefined mRotation=ROTATION_0} as.2 s.22 fontWeightAdjustment=0}
02-17 17:31:02.948  1566  1566 W Keyboard: Keyboard.getKeyboardViewHelper():597 null helper is returned: keyboardDef=kze{processedConditions={}, globalConditions={}, className=com.google.android.libraries.inputmethod.keyboard.impl.Keyboard, resourceIds=[#0x7f170045], initialStates=0, keyboardViewDefs=[], persistentStates=0, persistentStatesPrefKey=null, popupBubbleLayoutId=0, recentKeyLayoutId=0, recentKeyPopupLayoutId=0, recentKeyType=null, rememberRecentKey=NONE, sessionStates=0}, type=BODY, helpersCreated=[null, null, null, null], context.getResources().getConfiguration(): {1.0 310mcc260mnc [en_US] ldltr sw448dp w448dp h921dp 480dpi nrml long port finger qwerty/v/v dpad/v winConfig={ mBounds=Rect(0, 0 - 1344, 2992) mAppBounds=Rect(0, 0 - 1344, 2920) mMaxBounds=Rect(0, 0 - 1344, 2992) mDisplayRotation=ROTATION_0 mWindowingMode=fullscreen mActivityType=undefined mAlwaysOnTop=undefined mRotation=ROTATION_0} as.2 s.22 fontWeightAdjustment=0}
02-17 17:31:02.948  1566  1566 W Keyboard: Keyboard.getKeyboardViewHelper():597 null helper is returned: keyboardDef=kze{processedConditions={}, globalConditions={}, className=com.google.android.libraries.inputmethod.keyboard.impl.Keyboard, resourceIds=[#0x7f170045], initialStates=0, keyboardViewDefs=[], persistentStates=0, persistentStatesPrefKey=null, popupBubbleLayoutId=0, recentKeyLayoutId=0, recentKeyPopupLayoutId=0, recentKeyType=null, rememberRecentKey=NONE, sessionStates=0}, type=FLOATING_CANDIDATES, helpersCreated=[null, null, null, null], context.getResources().getConfiguration(): {1.0 310mcc260mnc [en_US] ldltr sw448dp w448dp h921dp 480dpi nrml long port finger qwerty/v/v dpad/v winConfig={ mBounds=Rect(0, 0 - 1344, 2992) mAppBounds=Rect(0, 0 - 1344, 2920) mMaxBounds=Rect(0, 0 - 1344, 2992) mDisplayRotation=ROTATION_0 mWindowingMode=fullscreen mActivityType=undefined mAlwaysOnTop=undefined mRotation=ROTATION_0} as.2 s.22 fontWeightAdjustment=0}
02-17 17:31:02.948  1566  1566 W Keyboard: Keyboard.getKeyboardViewHelper():597 null helper is returned: keyboardDef=kze{processedConditions={}, globalConditions={}, className=com.google.android.libraries.inputmethod.keyboard.impl.Keyboard, resourceIds=[#0x7f170045], initialStates=0, keyboardViewDefs=[], persistentStates=0, persistentStatesPrefKey=null, popupBubbleLayoutId=0, recentKeyLayoutId=0, recentKeyPopupLayoutId=0, recentKeyType=null, rememberRecentKey=NONE, sessionStates=0}, type=WIDGET, helpersCreated=[null, null, null, null], context.getResources().getConfiguration(): {1.0 310mcc260mnc [en_US] ldltr sw448dp w448dp h921dp 480dpi nrml long port finger qwerty/v/v dpad/v winConfig={ mBounds=Rect(0, 0 - 1344, 2992) mAppBounds=Rect(0, 0 - 1344, 2920) mMaxBounds=Rect(0, 0 - 1344, 2992) mDisplayRotation=ROTATION_0 mWindowingMode=fullscreen mActivityType=undefined mAlwaysOnTop=undefined mRotation=ROTATION_0} as.2 s.22 fontWeightAdjustment=0}
02-17 17:31:02.948  1566  1566 I KeyboardManager: KeyboardManager.requestKeyboard():248 Creating keyboard accessory_candidates_consumer, imeId=ime_english_united_states, cacheKey=theme_!gsf_!pgsans_!pgsf_!use_system_font_BORDER=true_FLAVOR_DPI=XXHDPI_KEYBOARD_WIDTH_CATEGORY=NORMAL_LIGHT_THEME=true_PHYSICAL_DIAGONAL=6.538226_SCREEN_SHORTEST_WIDTH=448_SCREEN_SHORTEST_WIDTH_NO_SCALE=448_bottom4dp_enable_google_fonts_icons=true_enable_popup_on_keypress=true_keyboard_redesign_google_sans=true_noshadow_overlay_builtin_dynamic_color_light_base.binarypb:gm3-light-fffaf8ff-ff475d92-6dac7c28fa7faa76f8370bbfdbc77981_silkpopup_unify_function_key_color=true
02-17 17:31:02.948  1566  1566 I GlobeKeyExtension: GlobeKeyExtension.getKeyboardInitialStates():131
02-17 17:31:02.948  1566  1566 W Keyboard: Keyboard.getKeyboardViewHelper():597 null helper is returned: keyboardDef=kze{processedConditions={}, globalConditions={global_theme_key=theme_!gsf_!pgsans_!pgsf_!use_system_font_BORDER=true_FLAVOR_DPI=XXHDPI_KEYBOARD_WIDTH_CATEGORY=NORMAL_LIGHT_THEME=true_PHYSICAL_DIAGONAL=6.538226_SCREEN_SHORTEST_WIDTH=448_SCREEN_SHORTEST_WIDTH_NO_SCALE=448_bottom4dp_enable_google_fonts_icons=true_enable_popup_on_keypress=true_keyboard_redesign_google_sans=true_noshadow_overlay_builtin_dynamic_color_light_base.binarypb:gm3-light-fffaf8ff-ff475d92-6dac7c28fa7faa76f8370bbfdbc77981_silkpopup_unify_function_key_color=true, global_locale=en_US, global_density_dpi=480, global_orientation=1}, className=.latin.keyboard.AccessoryKeyboard, resourceIds=[#0x7f170044], initialStates=0, keyboardViewDefs=[kzt{direction=null, id=#0x7f0b0166, isScalable=false, layoutId=#0x7f0e002d, type=FLOATING_CANDIDATES, touchable=true, defaultShow=false}], persistentStates=0, persistentStatesPrefKey=null, popupBubbleLayoutId=#0x7f0e05ce, recentKeyLayoutId=0, recentKeyPopupLayoutId=0, recentKeyType=null, rememberRecentKey=NONE, sessionStates=0}, type=HEADER, helpersCreated=[null, null, kkl@72d1677, null], context.getResources().getConfiguration(): {1.0 310mcc260mnc [en_US] ldltr sw448dp w448dp h921dp 480dpi nrml long port finger qwerty/v/v dpad/v winConfig={ mBounds=Rect(0, 0 - 1344, 2992) mAppBounds=Rect(0, 0 - 1344, 2920) mMaxBounds=Rect(0, 0 - 1344, 2992) mDisplayRotation=ROTATION_0 mWindowingMode=fullscreen mActivityType=undefined mAlwaysOnTop=undefined mRotation=ROTATION_0} as.2 s.22 fontWeightAdjustment=0}
02-17 17:31:02.949  1566  1566 W Keyboard: Keyboard.getKeyboardViewHelper():597 null helper is returned: keyboardDef=kze{processedConditions={}, globalConditions={global_theme_key=theme_!gsf_!pgsans_!pgsf_!use_system_font_BORDER=true_FLAVOR_DPI=XXHDPI_KEYBOARD_WIDTH_CATEGORY=NORMAL_LIGHT_THEME=true_PHYSICAL_DIAGONAL=6.538226_SCREEN_SHORTEST_WIDTH=448_SCREEN_SHORTEST_WIDTH_NO_SCALE=448_bottom4dp_enable_google_fonts_icons=true_enable_popup_on_keypress=true_keyboard_redesign_google_sans=true_noshadow_overlay_builtin_dynamic_color_light_base.binarypb:gm3-light-fffaf8ff-ff475d92-6dac7c28fa7faa76f8370bbfdbc77981_silkpopup_unify_function_key_color=true, global_locale=en_US, global_density_dpi=480, global_orientation=1}, className=.latin.keyboard.AccessoryKeyboard, resourceIds=[#0x7f170044], initialStates=0, keyboardViewDefs=[kzt{direction=null, id=#0x7f0b0166, isScalable=false, layoutId=#0x7f0e002d, type=FLOATING_CANDIDATES, touchable=true, defaultShow=false}], persistentStates=0, persistentStatesPrefKey=null, popupBubbleLayoutId=#0x7f0e05ce, recentKeyLayoutId=0, recentKeyPopupLayoutId=0, recentKeyType=null, rememberRecentKey=NONE, sessionStates=0}, type=BODY, helpersCreated=[null, null, kkl@72d1677, null], context.getResources().getConfiguration(): {1.0 310mcc260mnc [en_US] ldltr sw448dp w448dp h921dp 480dpi nrml long port finger qwerty/v/v dpad/v winConfig={ mBounds=Rect(0, 0 - 1344, 2992) mAppBounds=Rect(0, 0 - 1344, 2920) mMaxBounds=Rect(0, 0 - 1344, 2992) mDisplayRotation=ROTATION_0 mWindowingMode=fullscreen mActivityType=undefined mAlwaysOnTop=undefined mRotation=ROTATION_0} as.2 s.22 fontWeightAdjustment=0}
02-17 17:31:02.950  1566  1566 I AndroidIME: InputBundleManager.startInput():361 startInput() with kzp[keyboardType=accessory, payload=null]
02-17 17:31:02.950  1566  1566 I GlobeKeyExtension: GlobeKeyExtension.onActivate():70
02-17 17:31:02.951  1566  2092 I Delight5Decoder: Delight5DecoderWrapper.setKeyboardLayout():521 setKeyboardLayout()
02-17 17:31:02.953  1566  1566 I CrowdsourceExtension: CrowdsourceExtension.checkIfDefaultBrowserIsAllowed():109 Failed to get default browser. The default browser may be deactivated.
02-17 17:31:02.953  1566  1566 I VoiceInputManagerWrapper: VoiceInputManagerWrapper.cancelShutdown():100 cancelShutdown()
02-17 17:31:02.953  1566  1566 I VoiceInputManagerWrapper: VoiceInputManagerWrapper.syncLanguagePacks():112 syncLanguagePacks()
02-17 17:31:02.953  1566  1566 I VoiceInputManager: VoiceInputManager.onKeyboardActivated():1023 onKeyboardActivated() [UD]
02-17 17:31:02.953  1566  4697 I SpeechFactory: SpeechRecognitionFactory.maybeScheduleAutoPackDownloadForFallback():161 maybeScheduleAutoPackDownloadForFallback()
02-17 17:31:02.953  1566  4697 I FallbackOnDeviceRecognitionProvider: FallbackOnDeviceRecognitionProvider.maybeScheduleAutoPackDownload():198 maybeScheduleAutoPackDownload() for language tag en-US
02-17 17:31:02.954  1566  1566 I AccessoryInputModeManager: AccessoryInputModeManager.onModeStarted():322 Accessory input mode started: STYLUS
02-17 17:31:02.954  1566  1566 W ExtensionWrapper: ExtensionWrapper.setAllowUpdateNavigationBarStyle():810 class iio is not activate
02-17 17:31:02.954  1566  1566 I WidgetViewShowingController: WidgetViewShowingController.showWidgetKeyboardInternal():524 Show companion widget
02-17 17:31:02.955  1566  1566 W ExtensionWrapper: ExtensionWrapper.setAllowUpdateNavigationBarStyle():810 class iio is not activate
02-17 17:31:02.955  1566  1566 I WidgetViewShowingPositionHandler: WidgetViewShowingPositionHandler.updateAvailableArea():194 update available area Rect(24, 183 - 1320, 2914)
02-17 17:31:02.956  1566  1566 I ProactiveUndoTriggerExtension: ProactiveUndoTriggerExtension.eventConsumer$lambda$0():125 kyp{intention=null, keyCode=-10159, ACTIVATE_SUPPLEMENTARY_KEYBOARD, data=accessory_candidates_consumer}
02-17 17:31:02.956  1566  1566 I KeyboardModeUtils: KeyboardModeUtils.getKeyboardBottomOffset():437 inch: 0.000000 ydpi: 480.000000 adjustKeyboardBottomByDisplaySize: false currentDensityDpi: 480 defaultDensityDpi: 480 keyboardBottomToScreenPx: 0 keyboardBottomToNavBarPx: -72 navBarHeight: 72
02-17 17:31:02.956  1566  1566 I ResizableKeyboardModeController: ResizableKeyboardModeController.getKeyboardBottomOffset():182 currentPrimeKeyboardType:SOFT keyboardBottomOffset:0 navBarHeight:72 isInLandscape:false
02-17 17:31:02.956  1566  1566 I KeyboardHeightUtil: KeyboardHeightUtil.calculateMaxKeyboardBodyHeight():46 leave 321 height for app when ime window height:2761, header height:132 and isFullscreenMode:false, so the max keyboard body height is:2308
02-17 17:31:02.956  1566  1566 I KeyboardHeightUtil: KeyboardHeightUtil.calculateMaxKeyboardBodyHeight():46 leave 321 height for app when ime window height:2761, header height:132 and isFullscreenMode:false, so the max keyboard body height is:2308
02-17 17:31:02.956  1566  1566 I KeyboardHeightUtil: KeyboardHeightUtil.calculateMaxKeyboardBodyHeight():46 leave 321 height for app when ime window height:2761, header height:132 and isFullscreenMode:false, so the max keyboard body height is:2308
02-17 17:31:02.956  1566  1566 W ExtensionWrapper: ExtensionWrapper.setExtensionViewVisibility():801 interface koa is not activate
02-17 17:31:02.957  1566  1566 I Module  : DeviceLockedStatusModuleProvider$Module.updateDeviceLockedStatus():100 repeatCheckTimes = 1, locked = false
02-17 17:31:02.957  1566  1566 I VoiceImeExtension: VoiceImeExtension.shouldStartVoiceInputAutomaticallyInCurrentInputBox():469 No private IME option set to start voice input.
02-17 17:31:02.959  1566  1566 I WindowMetricsNotification: WindowMetricsNotification.notifyWithWindow():166
02-17 17:31:02.959  1566  1566 I WindowMetricsNotification: WindowMetricsNotification.notify():159 mub[bounds=Rect(0, 159 - 1344, 2992), insets=Rect(0, 0 - 0, 72), densityDpi=480, smallestScreenWidthDp=448, displayWidth=1344, displayHeight=2992, xdpi=480.0, ydpi=480.0, isTrustable=true, displayId=0]; DisplayMetrics{density=3.0, width=1344, height=2992, scaledDensity=3.0, xdpi=480.0, ydpi=480.0}
02-17 17:31:02.970  1566  1566 I GoogleInputMethodService: GoogleInputMethodService$1.onKeyboardViewShown():312 onKeyboardViewShown: keyboardType=accessory, keyboardViewType=HEADER keyboardView=null
02-17 17:31:02.970  1566  1566 I GoogleInputMethodService: GoogleInputMethodService$1.onKeyboardViewShown():312 onKeyboardViewShown: keyboardType=accessory, keyboardViewType=BODY keyboardView=null
02-17 17:31:02.970  1566  1566 I ProactiveUndoTriggerExtension: ProactiveUndoTriggerExtension.eventConsumer$lambda$0():125 kyp{intention=null, keyCode=-10188, SET_KEYBOARD_LAYOUT, data=# qsn@e6cdb659}
02-17 17:31:02.971  1566  1566 I KeyboardHeightUtil: KeyboardHeightUtil.calculateMaxKeyboardBodyHeight():46 leave 321 height for app when ime window height:2761, header height:132 and isFullscreenMode:false, so the max keyboard body height is:2308
02-17 17:31:02.971  1566  1566 I KeyboardHeightUtil: KeyboardHeightUtil.calculateMaxKeyboardBodyHeight():46 leave 321 height for app when ime window height:2761, header height:132 and isFullscreenMode:false, so the max keyboard body height is:2308
02-17 17:31:02.971  1566  1566 I KeyboardHeightUtil: KeyboardHeightUtil.calculateMaxKeyboardBodyHeight():46 leave 321 height for app when ime window height:2761, header height:132 and isFullscreenMode:false, so the max keyboard body height is:2308
02-17 17:31:03.000  9815  9815 W InteractionJankMonitor: Initializing without READ_DEVICE_CONFIG permission. enabled=false, interval=1, missedFrameThreshold=3, frameTimeThreshold=64, package=com.zeroclaw.app.play
02-17 17:31:03.031  1566  1566 I ProactiveUndoTriggerExtension: ProactiveUndoTriggerExtension.eventConsumer$lambda$0():125 kyp{intention=null, keyCode=-10181, UNIVERSAL_DICTATION_NO_PUNCTUATION, data=false}
02-17 17:31:03.031  1566  1566 I ProactiveUndoTriggerExtension: ProactiveUndoTriggerExtension.eventConsumer$lambda$0():125 kyp{intention=null, keyCode=-20001, ENABLE_GESTURE_TYPING, data=null}
02-17 17:31:03.032  1566  1566 I ProactiveUndoTriggerExtension: ProactiveUndoTriggerExtension.eventConsumer$lambda$0():125 kyp{intention=null, keyCode=-10126, INPUT_SELECTION_CHANGED, data=null}
02-17 17:31:03.121   674   786 I ImeTracker: com.zeroclaw.app.play:8c23e4b0: onRequestShow at ORIGIN_SERVER reason ATTACH_NEW_INPUT fromUser false
02-17 17:31:03.122  1566  1566 I GoogleInputMethodService: GoogleInputMethodService.onStartInput():1293 onStartInput(EditorInfo{EditorInfo{packageName=com.zeroclaw.app.play, inputType=28001, inputTypeString=Normal[MultiLine|AutoCorrect], enableLearning=true, autoCorrection=true, autoComplete=true, imeOptions=42000000, privateImeOptions=null, actionName=UNSPECIFIED, actionLabel=null, initialSelStart=0, initialSelEnd=0, initialCapsMode=0, label=null, fieldId=-1, fieldName=null, extras=Bundle[mParcelledData.dataSize=404], hintText=null, hintLocales=[]}}, true)
02-17 17:31:03.122  1566  1566 W SessionManager: SessionManager.beginSession():53 Try to begin an already begun session [INPUT_SESSION], end it first
02-17 17:31:03.122  1566  1566 W SessionManager: SessionManager.endSession():96 Child session [INPUT_VIEW_SESSION] is not ended while ending session [{IME_SESSION=1771345862943, TRAINING_CACHE_SESSION=1771345862943, INPUT_VIEW_SESSION=1771345862940, INPUT_SESSION=1771345862936}], ending it now.
02-17 17:31:03.122  1566  1566 W SessionManager: SessionManager.endSession():96 Child session [IME_SESSION] is not ended while ending session [{IME_SESSION=1771345862943, TRAINING_CACHE_SESSION=1771345862943, INPUT_VIEW_SESSION=1771345862940, INPUT_SESSION=1771345862936}], ending it now.
02-17 17:31:03.158  1566  1566 I Module  : DeviceLockedStatusModuleProvider$Module.updateDeviceLockedStatus():100 repeatCheckTimes = 1, locked = false
02-17 17:31:03.158  1566  1566 I GoogleInputMethodService: GoogleInputMethodService.onStartInputView():1392 onStartInputView(EditorInfo{EditorInfo{packageName=com.zeroclaw.app.play, inputType=28001, inputTypeString=Normal[MultiLine|AutoCorrect], enableLearning=true, autoCorrection=true, autoComplete=true, imeOptions=42000000, privateImeOptions=null, actionName=UNSPECIFIED, actionLabel=null, initialSelStart=0, initialSelEnd=0, initialCapsMode=0, label=null, fieldId=-1, fieldName=null, extras=Bundle[{android.support.text.emoji.emojiCompat_metadataVersion=10, androidx.core.view.inputmethod.EditorInfoCompat.STYLUS_HANDWRITING_ENABLED=true, android.support.text.emoji.emojiCompat_replaceAll=false}], hintText=null, hintLocales=[]}}, true)
02-17 17:31:03.159  1566  1566 I KeyboardHeightUtil: KeyboardHeightUtil.getOemKeyboardHeightRatio():161 systemKeyboardHeightRatio:1.000000.
02-17 17:31:03.161  1566  1566 I ProactiveUndoTriggerExtension: ProactiveUndoTriggerExtension.eventConsumer$lambda$0():125 kyp{intention=null, keyCode=-20002, DISABLE_GESTURE_TYPING, data=null}
02-17 17:31:03.161  1566  1566 I InputBundle: InputBundle.consumeEvent():949 Skip consuming an event as keyboard status is 0
02-17 17:31:03.161  1566  1566 I AndroidIME: AbstractIme.onDeactivate():203 LatinIme.onDeactivate()
02-17 17:31:03.161  1566  2086 W ModuleManager: ModuleManager.loadModule():547 Module mly is not available
02-17 17:31:03.161  1566  1566 W SessionManager: SessionManager.endSession():88 Try to end a not begun session [IME_SESSION].
02-17 17:31:03.161  1566  1566 I AndroidIME: InputBundleManager.loadActiveInputBundleId():483 loadActiveInputBundleId: en-US, ime_english_united_states
02-17 17:31:03.161  1566  1566 I AndroidIME: AbstractIme.onActivate():90 LatinIme.onActivate() : EditorInfo = EditorInfo{packageName=com.zeroclaw.app.play, inputType=28001, inputTypeString=Normal[MultiLine|AutoCorrect], enableLearning=true, autoCorrection=true, autoComplete=true, imeOptions=42000000, privateImeOptions=null, actionName=UNSPECIFIED, actionLabel=null, initialSelStart=0, initialSelEnd=0, initialCapsMode=0, label=null, fieldId=-1, fieldName=null, extras=Bundle[{android.support.text.emoji.emojiCompat_metadataVersion=10, androidx.core.view.inputmethod.EditorInfoCompat.STYLUS_HANDWRITING_ENABLED=true, android.support.text.emoji.emojiCompat_replaceAll=false}], hintText=null, hintLocales=[]}, IncognitoMode = false, DeviceLocked = false
02-17 17:31:03.162  1566  1566 I ProactiveUndoTriggerExtension: ProactiveUndoTriggerExtension.eventConsumer$lambda$0():125 kyp{intention=null, keyCode=-10181, UNIVERSAL_DICTATION_NO_PUNCTUATION, data=false}
02-17 17:31:03.162  1566  1566 I Delight5Facilitator: Delight5Facilitator.initializeForIme():729 initializeForIme() : Locale = [en_US], layout = qwerty
02-17 17:31:03.162  1566  1566 I LatinIme: LatinIme.updateEnableInlineSuggestionsOnDecoderSideFlags():1256 inline flag updated to:false
02-17 17:31:03.162  1566  1566 I LatinIme: LatinIme.updateEnableInlineSuggestionsOnDecoderSideFlags():1256 inline flag updated to:false
02-17 17:31:03.164  1566  1566 I ProactiveUndoTriggerExtension: ProactiveUndoTriggerExtension.eventConsumer$lambda$0():125 kyp{intention=null, keyCode=-10181, UNIVERSAL_DICTATION_NO_PUNCTUATION, data=false}
02-17 17:31:03.164  1566  1566 I ProactiveUndoTriggerExtension: ProactiveUndoTriggerExtension.eventConsumer$lambda$0():125 kyp{intention=null, keyCode=-20001, ENABLE_GESTURE_TYPING, data=null}
02-17 17:31:03.164  1566  1566 I InputBundle: InputBundle.consumeEvent():949 Skip consuming an event as keyboard status is 0
02-17 17:31:03.165  1566  1566 I KeyboardWrapper: KeyboardWrapper.activateKeyboard():562 activateKeyboard(): type=accessory, status=0, imeDef=kyj{stringId=ime_english_united_states, language=en-US, languageTag=en-US, processedConditions={enable_number_row=false, device=phone}, className=com.google.android.libraries.inputmethod.ime.experiment.ExperimentImeWrapper, label=0, keyEventInterpreter=null, inlineComposing=true, autoCapital=true, announceAutoSelectedCandidate=true, statusIcon=0, primeKeyboardType=SOFT, indicatorIcon=0, indicatorLabel=US, displayAppCompletions=true, extraValues=kyb{#0x7f0b021c=TypedValue{t=0x3/d=0x0 "writing_helper_enable_by_word_revert=false"}, #0x7f0b0222=TypedValue{t=0x3/d=0x0 "com.google.android.apps.inputmethod.libs.latin5.LatinIme"}, #0x7f0b0223=TypedValue{t=0x3/d=0x0 "com.google.android.apps.inputmethod.libs.edittracker.EditTrackingImeWrapper"}, #0x7f0b0224=TypedValue{t=0x3/d=0x0 "com.google.android.apps.inputmethod.libs.latin5.LatinIme"}}, processors=lac@445519e, unacceptableMetaKeys=4098, languageSpecificSettings=0, asciiCapable=true, alwaysShowSuggestions=false, useAsciiPasswordKeyboard=false, secondaryIme=null, keyboardGroupDef=kzl@b78a286, phenotypeFlagId=0, localizationLanguageTag=null, supportsInlineSuggestion=true}
02-17 17:31:03.165  1566  1566 I KeyboardManager: KeyboardManager.requestKeyboard():248 Creating keyboard accessory, imeId=ime_english_united_states, cacheKey=theme_!gsf_!pgsans_!pgsf_!use_system_font_BORDER=true_FLAVOR_DPI=XXHDPI_KEYBOARD_WIDTH_CATEGORY=NORMAL_LIGHT_THEME=true_PHYSICAL_DIAGONAL=6.538226_SCREEN_SHORTEST_WIDTH=448_SCREEN_SHORTEST_WIDTH_NO_SCALE=448_bottom4dp_enable_google_fonts_icons=true_enable_popup_on_keypress=true_keyboard_redesign_google_sans=true_noshadow_overlay_builtin_dynamic_color_light_base.binarypb:gm3-light-fffaf8ff-ff475d92-6dac7c28fa7faa76f8370bbfdbc77981_silkpopup_unify_function_key_color=true
02-17 17:31:03.165  1566  1566 I KeyboardWrapper: KeyboardWrapper.onKeyboardReady():212 onKeyboardReady(): type=accessory(accessory), kb=com.google.android.libraries.inputmethod.keyboard.impl.Keyboard@70c9d08
02-17 17:31:03.165  1566  1566 I KeyboardWrapper: KeyboardWrapper.doActivateKeyboard():589 doActivateKeyboard(): accessory
02-17 17:31:03.165  1566  1566 W Keyboard: Keyboard.getKeyboardViewHelper():597 null helper is returned: keyboardDef=kze{processedConditions={}, globalConditions={}, className=com.google.android.libraries.inputmethod.keyboard.impl.Keyboard, resourceIds=[#0x7f170045], initialStates=0, keyboardViewDefs=[], persistentStates=0, persistentStatesPrefKey=null, popupBubbleLayoutId=0, recentKeyLayoutId=0, recentKeyPopupLayoutId=0, recentKeyType=null, rememberRecentKey=NONE, sessionStates=0}, type=HEADER, helpersCreated=[null, null, null, null], context.getResources().getConfiguration(): {1.0 310mcc260mnc [en_US] ldltr sw448dp w448dp h921dp 480dpi nrml long port finger qwerty/v/v dpad/v winConfig={ mBounds=Rect(0, 0 - 1344, 2992) mAppBounds=Rect(0, 0 - 1344, 2920) mMaxBounds=Rect(0, 0 - 1344, 2992) mDisplayRotation=ROTATION_0 mWindowingMode=fullscreen mActivityType=undefined mAlwaysOnTop=undefined mRotation=ROTATION_0} as.2 s.22 fontWeightAdjustment=0}
02-17 17:31:03.165  1566  1566 W Keyboard: Keyboard.getKeyboardViewHelper():597 null helper is returned: keyboardDef=kze{processedConditions={}, globalConditions={}, className=com.google.android.libraries.inputmethod.keyboard.impl.Keyboard, resourceIds=[#0x7f170045], initialStates=0, keyboardViewDefs=[], persistentStates=0, persistentStatesPrefKey=null, popupBubbleLayoutId=0, recentKeyLayoutId=0, recentKeyPopupLayoutId=0, recentKeyType=null, rememberRecentKey=NONE, sessionStates=0}, type=BODY, helpersCreated=[null, null, null, null], context.getResources().getConfiguration(): {1.0 310mcc260mnc [en_US] ldltr sw448dp w448dp h921dp 480dpi nrml long port finger qwerty/v/v dpad/v winConfig={ mBounds=Rect(0, 0 - 1344, 2992) mAppBounds=Rect(0, 0 - 1344, 2920) mMaxBounds=Rect(0, 0 - 1344, 2992) mDisplayRotation=ROTATION_0 mWindowingMode=fullscreen mActivityType=undefined mAlwaysOnTop=undefined mRotation=ROTATION_0} as.2 s.22 fontWeightAdjustment=0}
02-17 17:31:03.165  1566  1566 I GlobeKeyExtension: GlobeKeyExtension.getKeyboardInitialStates():131
02-17 17:31:03.166  1566  1566 W Keyboard: Keyboard.getKeyboardViewHelper():597 null helper is returned: keyboardDef=kze{processedConditions={}, globalConditions={}, className=com.google.android.libraries.inputmethod.keyboard.impl.Keyboard, resourceIds=[#0x7f170045], initialStates=0, keyboardViewDefs=[], persistentStates=0, persistentStatesPrefKey=null, popupBubbleLayoutId=0, recentKeyLayoutId=0, recentKeyPopupLayoutId=0, recentKeyType=null, rememberRecentKey=NONE, sessionStates=0}, type=HEADER, helpersCreated=[null, null, null, null], context.getResources().getConfiguration(): {1.0 310mcc260mnc [en_US] ldltr sw448dp w448dp h921dp 480dpi nrml long port finger qwerty/v/v dpad/v winConfig={ mBounds=Rect(0, 0 - 1344, 2992) mAppBounds=Rect(0, 0 - 1344, 2920) mMaxBounds=Rect(0, 0 - 1344, 2992) mDisplayRotation=ROTATION_0 mWindowingMode=fullscreen mActivityType=undefined mAlwaysOnTop=undefined mRotation=ROTATION_0} as.2 s.22 fontWeightAdjustment=0}
02-17 17:31:03.166  1566  1566 W Keyboard: Keyboard.getKeyboardViewHelper():597 null helper is returned: keyboardDef=kze{processedConditions={}, globalConditions={}, className=com.google.android.libraries.inputmethod.keyboard.impl.Keyboard, resourceIds=[#0x7f170045], initialStates=0, keyboardViewDefs=[], persistentStates=0, persistentStatesPrefKey=null, popupBubbleLayoutId=0, recentKeyLayoutId=0, recentKeyPopupLayoutId=0, recentKeyType=null, rememberRecentKey=NONE, sessionStates=0}, type=BODY, helpersCreated=[null, null, null, null], context.getResources().getConfiguration(): {1.0 310mcc260mnc [en_US] ldltr sw448dp w448dp h921dp 480dpi nrml long port finger qwerty/v/v dpad/v winConfig={ mBounds=Rect(0, 0 - 1344, 2992) mAppBounds=Rect(0, 0 - 1344, 2920) mMaxBounds=Rect(0, 0 - 1344, 2992) mDisplayRotation=ROTATION_0 mWindowingMode=fullscreen mActivityType=undefined mAlwaysOnTop=undefined mRotation=ROTATION_0} as.2 s.22 fontWeightAdjustment=0}
